2026-08-18 18:29:41,020 INFO o.a.j.u.JMeterUtils: Setting Locale to en_EN
2026-08-18 18:29:41,052 INFO o.a.j.JMeter: Loading user properties from: D:\apache-jmeter-5.6.3\bin\user.properties
2026-08-18 18:29:41,055 INFO o.a.j.JMeter: Loading system properties from: D:\apache-jmeter-5.6.3\bin\system.properties
2026-08-18 18:29:41,064 INFO o.a.j.JMeter: Copyright (c) 1998-2024 The Apache Software Foundation
2026-08-18 18:29:41,064 INFO o.a.j.JMeter: Version 5.6.3
2026-08-18 18:29:41,064 INFO o.a.j.JMeter: java.version=21.0.7
2026-08-18 18:29:41,064 INFO o.a.j.JMeter: java.vm.name=Java HotSpot(TM) 64-Bit Server VM
2026-08-18 18:29:41,064 INFO o.a.j.JMeter: os.name=Windows 11
2026-08-18 18:29:41,064 INFO o.a.j.JMeter: os.arch=amd64
2026-08-18 18:29:41,064 INFO o.a.j.JMeter: os.version=10.0
2026-08-18 18:29:41,064 INFO o.a.j.JMeter: file.encoding=UTF-8
2026-08-18 18:29:41,066 INFO o.a.j.JMeter: java.awt.headless=true
2026-08-18 18:29:41,066 INFO o.a.j.JMeter: Max memory     =1073741824
2026-08-18 18:29:41,066 INFO o.a.j.JMeter: Available Processors =12
2026-08-18 18:29:41,079 INFO o.a.j.JMeter: Default Locale=English (EN)
2026-08-18 18:29:41,079 INFO o.a.j.JMeter: JMeter  Locale=English (EN)
2026-08-18 18:29:41,081 INFO o.a.j.JMeter: JMeterHome=D:\apache-jmeter-5.6.3
2026-08-18 18:29:41,081 INFO o.a.j.JMeter: user.dir  =H:\github works\cb\cb
2026-08-18 18:29:41,082 INFO o.a.j.JMeter: PWD       =H:\github works\cb\cb
2026-08-18 18:29:41,097 INFO o.a.j.JMeter: IP: 192.168.137.1 Name: LAPTOP-JRSS72NU FullName: LAPTOP-JRSS72NU.mshome.net
2026-08-18 18:29:41,113 INFO o.a.j.s.FileServer: Default base='H:\github works\cb\cb'
2026-08-18 18:29:41,116 INFO o.a.j.s.FileServer: Set new base='H:\github works\cb\cb'
2026-08-18 18:29:41,358 INFO o.a.j.s.SaveService: Testplan (JMX) version: 2.2. Testlog (JTL) version: 2.2
2026-08-18 18:29:41,406 INFO o.a.j.s.SaveService: Using SaveService properties version 5.0
2026-08-18 18:29:41,410 INFO o.a.j.s.SaveService: Using SaveService properties file encoding UTF-8
2026-08-18 18:29:41,415 INFO o.a.j.s.SaveService: Loading file: cb-jmeter-test.jmx
2026-08-18 18:29:41,457 INFO o.a.j.p.h.c.CookieManager: Settings: Delete null: true Check: true Allow variable: true Save: false Prefix: COOKIE_
2026-08-18 18:29:41,516 INFO o.a.j.p.h.s.HTTPSamplerBase: Parser for text/html is org.apache.jmeter.protocol.http.parser.LagartoBasedHtmlParser
2026-08-18 18:29:41,516 INFO o.a.j.p.h.s.HTTPSamplerBase: Parser for application/xhtml+xml is org.apache.jmeter.protocol.http.parser.LagartoBasedHtmlParser
2026-08-18 18:29:41,516 INFO o.a.j.p.h.s.HTTPSamplerBase: Parser for application/xml is org.apache.jmeter.protocol.http.parser.LagartoBasedHtmlParser
2026-08-18 18:29:41,516 INFO o.a.j.p.h.s.HTTPSamplerBase: Parser for text/xml is org.apache.jmeter.protocol.http.parser.LagartoBasedHtmlParser
2026-08-18 18:29:41,516 INFO o.a.j.p.h.s.HTTPSamplerBase: Parser for text/vnd.wap.wml is org.apache.jmeter.protocol.http.parser.RegexpHTMLParser
2026-08-18 18:29:41,517 INFO o.a.j.p.h.s.HTTPSamplerBase: Parser for text/css is org.apache.jmeter.protocol.http.parser.CssParser
2026-08-18 18:29:41,596 INFO o.a.j.JMeter: Creating summariser <summary>
2026-08-18 18:29:41,623 INFO o.a.j.e.StandardJMeterEngine: Running the test!
2026-08-18 18:29:41,625 INFO o.a.j.s.SampleEvent: List of sample_variables: []
2026-08-18 18:29:41,625 INFO o.a.j.s.SampleEvent: List of sample_variables: []
2026-08-18 18:29:41,633 INFO o.a.j.e.u.CompoundVariable: Note: Function class names must contain the string: '.functions.'
2026-08-18 18:29:41,634 INFO o.a.j.e.u.CompoundVariable: Note: Function class names must not contain the string: '.gui.'
2026-08-18 18:29:42,081 INFO o.a.j.JMeter: Running test (1787048982081)
2026-08-18 18:29:42,103 INFO o.a.j.e.StandardJMeterEngine: Starting ThreadGroup: 1 : [setUp] 健康检查
2026-08-18 18:29:42,103 INFO o.a.j.e.StandardJMeterEngine: Starting 1 threads for group [setUp] 健康检查.
2026-08-18 18:29:42,103 INFO o.a.j.e.StandardJMeterEngine: Thread will continue on error
2026-08-18 18:29:42,103 INFO o.a.j.t.ThreadGroup: Starting thread group... number=1 threads=1 ramp-up=1 delayedStart=false
2026-08-18 18:29:42,110 INFO o.a.j.t.ThreadGroup: Started thread group number 1
2026-08-18 18:29:42,110 INFO o.a.j.e.StandardJMeterEngine: Starting ThreadGroup: 2 : TG1 用户认证
2026-08-18 18:29:42,110 INFO o.a.j.e.StandardJMeterEngine: Starting 10 threads for group TG1 用户认证.
2026-08-18 18:29:42,110 INFO o.a.j.e.StandardJMeterEngine: Thread will continue on error
2026-08-18 18:29:42,112 INFO o.a.j.t.ThreadGroup: Starting thread group... number=2 threads=10 ramp-up=5 delayedStart=false
2026-08-18 18:29:42,117 INFO o.a.j.t.ThreadGroup: Started thread group number 2
2026-08-18 18:29:42,118 INFO o.a.j.e.StandardJMeterEngine: Starting ThreadGroup: 3 : TG2 商品浏览
2026-08-18 18:29:42,118 INFO o.a.j.e.StandardJMeterEngine: Starting 25 threads for group TG2 商品浏览.
2026-08-18 18:29:42,118 INFO o.a.j.e.StandardJMeterEngine: Thread will continue on error
2026-08-18 18:29:42,118 INFO o.a.j.t.ThreadGroup: Starting thread group... number=3 threads=25 ramp-up=10 delayedStart=false
2026-08-18 18:29:42,132 INFO o.a.j.t.JMeterThread: Thread started: TG1 用户认证 2-1
2026-08-18 18:29:42,132 INFO o.a.j.t.JMeterThread: Thread started: [setUp] 健康检查 1-1
2026-08-18 18:29:42,131 INFO o.a.j.t.JMeterThread: Thread started: TG2 商品浏览 3-1
2026-08-18 18:29:42,134 INFO o.a.j.s.FileServer: Stored: test_users.csv
2026-08-18 18:29:42,144 INFO o.a.j.t.ThreadGroup: Started thread group number 3
2026-08-18 18:29:42,144 INFO o.a.j.e.StandardJMeterEngine: Starting ThreadGroup: 4 : TG3 商品发布与下单
2026-08-18 18:29:42,145 INFO o.a.j.e.StandardJMeterEngine: Starting 10 threads for group TG3 商品发布与下单.
2026-08-18 18:29:42,145 INFO o.a.j.e.StandardJMeterEngine: Thread will continue on error
2026-08-18 18:29:42,145 INFO o.a.j.t.ThreadGroup: Starting thread group... number=4 threads=10 ramp-up=10 delayedStart=false
2026-08-18 18:29:42,149 INFO o.a.j.t.JMeterThread: Thread started: TG3 商品发布与下单 4-1
2026-08-18 18:29:42,162 INFO o.a.j.t.ThreadGroup: Started thread group number 4
2026-08-18 18:29:42,163 INFO o.a.j.e.StandardJMeterEngine: Starting ThreadGroup: 5 : TG4 AI 工具
2026-08-18 18:29:42,163 INFO o.a.j.e.StandardJMeterEngine: Starting 10 threads for group TG4 AI 工具.
2026-08-18 18:29:42,163 INFO o.a.j.e.StandardJMeterEngine: Thread will continue on error
2026-08-18 18:29:42,163 INFO o.a.j.t.ThreadGroup: Starting thread group... number=5 threads=10 ramp-up=5 delayedStart=false
2026-08-18 18:29:42,166 INFO o.a.j.t.JMeterThread: Thread started: TG4 AI 工具 5-1
2026-08-18 18:29:42,176 INFO o.a.j.t.ThreadGroup: Started thread group number 5
2026-08-18 18:29:42,176 INFO o.a.j.e.StandardJMeterEngine: Starting ThreadGroup: 6 : TG5 管理员
2026-08-18 18:29:42,176 INFO o.a.j.e.StandardJMeterEngine: Starting 10 threads for group TG5 管理员.
2026-08-18 18:29:42,176 INFO o.a.j.e.StandardJMeterEngine: Thread will continue on error
2026-08-18 18:29:42,177 INFO o.a.j.t.ThreadGroup: Starting thread group... number=6 threads=10 ramp-up=5 delayedStart=false
2026-08-18 18:29:42,178 INFO o.a.j.t.JMeterThread: Thread started: TG5 管理员 6-1
2026-08-18 18:29:42,185 INFO o.a.j.t.ThreadGroup: Started thread group number 6
2026-08-18 18:29:42,185 INFO o.a.j.e.StandardJMeterEngine: All thread groups have been started
2026-08-18 18:29:42,200 INFO o.a.j.p.h.s.HTTPHCAbstractImpl: Local host = LAPTOP-JRSS72NU
2026-08-18 18:29:42,210 INFO o.a.j.p.h.s.HTTPHC4Impl: HTTP request retry count = 0
2026-08-18 18:29:42,212 INFO o.a.j.s.SampleResult: Note: Sample TimeStamps are START times
2026-08-18 18:29:42,212 INFO o.a.j.s.SampleResult: sampleresult.default.encoding is set to UTF-8
2026-08-18 18:29:42,212 INFO o.a.j.s.SampleResult: sampleresult.useNanoTime=true
2026-08-18 18:29:42,214 INFO o.a.j.s.SampleResult: sampleresult.nanoThreadSleep=5000
2026-08-18 18:29:42,531 INFO o.a.j.t.JMeterThread: Thread started: TG2 商品浏览 3-2
2026-08-18 18:29:42,546 INFO o.a.j.t.JMeterThread: Thread is done: [setUp] 健康检查 1-1
2026-08-18 18:29:42,546 INFO o.a.j.t.JMeterThread: Thread finished: [setUp] 健康检查 1-1
2026-08-18 18:29:42,632 INFO o.a.j.t.JMeterThread: Thread started: TG1 用户认证 2-2
2026-08-18 18:29:42,666 INFO o.a.j.t.JMeterThread: Thread started: TG4 AI 工具 5-2
2026-08-18 18:29:42,681 INFO o.a.j.t.JMeterThread: Thread started: TG5 管理员 6-2
2026-08-18 18:29:42,931 INFO o.a.j.t.JMeterThread: Thread started: TG2 商品浏览 3-3
2026-08-18 18:29:43,131 INFO o.a.j.t.JMeterThread: Thread started: TG1 用户认证 2-3
2026-08-18 18:29:43,149 INFO o.a.j.t.JMeterThread: Thread started: TG3 商品发布与下单 4-2
2026-08-18 18:29:43,167 INFO o.a.j.t.JMeterThread: Thread started: TG4 AI 工具 5-3
2026-08-18 18:29:43,180 INFO o.a.j.t.JMeterThread: Thread started: TG5 管理员 6-3
2026-08-18 18:29:43,328 INFO o.a.j.t.JMeterThread: Thread started: TG2 商品浏览 3-4
2026-08-18 18:29:43,631 INFO o.a.j.t.JMeterThread: Thread started: TG1 用户认证 2-4
2026-08-18 18:29:43,667 INFO o.a.j.t.JMeterThread: Thread started: TG4 AI 工具 5-4
2026-08-18 18:29:43,679 INFO o.a.j.t.JMeterThread: Thread started: TG5 管理员 6-4
2026-08-18 18:29:43,727 INFO o.a.j.t.JMeterThread: Thread started: TG2 商品浏览 3-5
2026-08-18 18:29:43,903 WARN o.a.j.p.h.s.HTTPSamplerBase: Existing CookieManager HTTP Cookie管理器 superseded by HTTP Cookie管理器
2026-08-18 18:29:43,907 WARN o.a.j.p.h.s.HTTPSamplerBase: Existing CookieManager HTTP Cookie管理器 superseded by HTTP Cookie管理器
2026-08-18 18:29:43,952 WARN o.a.j.p.h.s.HTTPSamplerBase: Existing CookieManager HTTP Cookie管理器 superseded by HTTP Cookie管理器
2026-08-18 18:29:44,165 INFO o.a.j.t.JMeterThread: Thread started: TG2 商品浏览 3-6
2026-08-18 18:29:44,169 INFO o.a.j.t.JMeterThread: Thread started: TG1 用户认证 2-5
2026-08-18 18:29:44,180 INFO o.a.j.t.JMeterThread: Thread started: TG5 管理员 6-5
2026-08-18 18:29:44,220 INFO o.a.j.t.JMeterThread: Thread started: TG3 商品发布与下单 4-3
2026-08-18 18:29:44,220 INFO o.a.j.t.JMeterThread: Thread started: TG4 AI 工具 5-5
2026-08-18 18:29:44,241 WARN o.a.j.p.h.s.HTTPSamplerBase: Existing CookieManager HTTP Cookie管理器 superseded by HTTP Cookie管理器
2026-08-18 18:29:44,534 INFO o.a.j.t.JMeterThread: Thread started: TG2 商品浏览 3-7
2026-08-18 18:29:44,566 WARN o.a.j.p.h.s.HTTPSamplerBase: Existing CookieManager HTTP Cookie管理器 superseded by HTTP Cookie管理器
2026-08-18 18:29:44,567 WARN o.a.j.p.h.s.HTTPSamplerBase: Existing CookieManager HTTP Cookie管理器 superseded by HTTP Cookie管理器
2026-08-18 18:29:44,600 WARN o.a.j.p.h.s.HTTPSamplerBase: Existing CookieManager HTTP Cookie管理器 superseded by HTTP Cookie管理器
2026-08-18 18:29:44,605 WARN o.a.j.p.h.s.HTTPSamplerBase: Existing CookieManager HTTP Cookie管理器 superseded by HTTP Cookie管理器
2026-08-18 18:29:44,606 WARN o.a.j.p.h.s.HTTPSamplerBase: Existing CookieManager HTTP Cookie管理器 superseded by HTTP Cookie管理器
2026-08-18 18:29:44,612 WARN o.a.j.p.h.s.HTTPSamplerBase: Existing CookieManager HTTP Cookie管理器 superseded by HTTP Cookie管理器
2026-08-18 18:29:44,613 WARN o.a.j.p.h.s.HTTPSamplerBase: Existing CookieManager HTTP Cookie管理器 superseded by HTTP Cookie管理器
2026-08-18 18:29:44,627 INFO o.a.j.t.JMeterThread: Thread started: TG1 用户认证 2-6
2026-08-18 18:29:44,634 WARN o.a.j.p.h.s.HTTPSamplerBase: Existing CookieManager HTTP Cookie管理器 superseded by HTTP Cookie管理器
2026-08-18 18:29:44,683 INFO o.a.j.t.JMeterThread: Thread started: TG4 AI 工具 5-6
2026-08-18 18:29:44,687 WARN o.a.j.p.h.s.HTTPSamplerBase: Existing CookieManager HTTP Cookie管理器 superseded by HTTP Cookie管理器
2026-08-18 18:29:44,691 INFO o.a.j.t.JMeterThread: Thread started: TG5 管理员 6-6
2026-08-18 18:29:44,704 WARN o.a.j.p.h.s.HTTPSamplerBase: Existing CookieManager HTTP Cookie管理器 superseded by HTTP Cookie管理器
2026-08-18 18:29:44,747 WARN o.a.j.p.h.s.HTTPSamplerBase: Existing CookieManager HTTP Cookie管理器 superseded by HTTP Cookie管理器
2026-08-18 18:29:44,761 WARN o.a.j.p.h.s.HTTPSamplerBase: Existing CookieManager HTTP Cookie管理器 superseded by HTTP Cookie管理器
2026-08-18 18:29:44,927 WARN o.a.j.p.h.s.HTTPSamplerBase: Existing CookieManager HTTP Cookie管理器 superseded by HTTP Cookie管理器
2026-08-18 18:29:44,932 INFO o.a.j.t.JMeterThread: Thread started: TG2 商品浏览 3-8
2026-08-18 18:29:45,143 INFO o.a.j.t.JMeterThread: Thread started: TG1 用户认证 2-7
2026-08-18 18:29:45,150 INFO o.a.j.t.JMeterThread: Thread started: TG3 商品发布与下单 4-4
2026-08-18 18:29:45,174 INFO o.a.j.t.JMeterThread: Thread started: TG4 AI 工具 5-7
2026-08-18 18:29:45,179 INFO o.a.j.t.JMeterThread: Thread started: TG5 管理员 6-7
2026-08-18 18:29:45,188 WARN o.a.j.p.h.s.HTTPSamplerBase: Existing CookieManager HTTP Cookie管理器 superseded by HTTP Cookie管理器
2026-08-18 18:29:45,276 WARN o.a.j.p.h.s.HTTPSamplerBase: Existing CookieManager HTTP Cookie管理器 superseded by HTTP Cookie管理器
2026-08-18 18:29:45,318 WARN o.a.j.p.h.s.HTTPSamplerBase: Existing CookieManager HTTP Cookie管理器 superseded by HTTP Cookie管理器
2026-08-18 18:29:45,327 INFO o.a.j.t.JMeterThread: Thread started: TG2 商品浏览 3-9
2026-08-18 18:29:45,432 WARN o.a.j.p.h.s.HTTPSamplerBase: Existing CookieManager HTTP Cookie管理器 superseded by HTTP Cookie管理器
2026-08-18 18:29:45,570 WARN o.a.j.p.h.s.HTTPSamplerBase: Existing CookieManager HTTP Cookie管理器 superseded by HTTP Cookie管理器
2026-08-18 18:29:45,632 INFO o.a.j.t.JMeterThread: Thread started: TG1 用户认证 2-8
2026-08-18 18:29:45,673 INFO o.a.j.t.JMeterThread: Thread started: TG4 AI 工具 5-8
2026-08-18 18:29:45,681 INFO o.a.j.t.JMeterThread: Thread started: TG5 管理员 6-8
2026-08-18 18:29:45,683 WARN o.a.j.p.h.s.HTTPSamplerBase: Existing CookieManager HTTP Cookie管理器 superseded by HTTP Cookie管理器
2026-08-18 18:29:45,722 INFO o.a.j.t.JMeterThread: Thread started: TG2 商品浏览 3-10
2026-08-18 18:29:45,748 WARN o.a.j.p.h.s.HTTPSamplerBase: Existing CookieManager HTTP Cookie管理器 superseded by HTTP Cookie管理器
2026-08-18 18:29:45,874 WARN o.a.j.p.h.s.HTTPSamplerBase: Existing CookieManager HTTP Cookie管理器 superseded by HTTP Cookie管理器
2026-08-18 18:29:46,123 INFO o.a.j.t.JMeterThread: Thread started: TG2 商品浏览 3-11
2026-08-18 18:29:46,127 INFO o.a.j.t.JMeterThread: Thread started: TG1 用户认证 2-9
2026-08-18 18:29:46,158 INFO o.a.j.t.JMeterThread: Thread started: TG3 商品发布与下单 4-5
2026-08-18 18:29:46,168 INFO o.a.j.t.JMeterThread: Thread started: TG4 AI 工具 5-9
2026-08-18 18:29:46,181 INFO o.a.j.t.JMeterThread: Thread started: TG5 管理员 6-9
2026-08-18 18:29:46,197 WARN o.a.j.p.h.s.HTTPSamplerBase: Existing CookieManager HTTP Cookie管理器 superseded by HTTP Cookie管理器
2026-08-18 18:29:46,198 WARN o.a.j.p.h.s.HTTPSamplerBase: Existing CookieManager HTTP Cookie管理器 superseded by HTTP Cookie管理器
2026-08-18 18:29:46,262 WARN o.a.j.p.h.s.HTTPSamplerBase: Existing CookieManager HTTP Cookie管理器 superseded by HTTP Cookie管理器
2026-08-18 18:29:46,275 INFO o.a.j.t.JMeterThread: Thread is done: TG2 商品浏览 3-4
2026-08-18 18:29:46,275 INFO o.a.j.t.JMeterThread: Thread finished: TG2 商品浏览 3-4
2026-08-18 18:29:46,294 INFO o.a.j.t.JMeterThread: Thread is done: TG2 商品浏览 3-2
2026-08-18 18:29:46,294 INFO o.a.j.t.JMeterThread: Thread finished: TG2 商品浏览 3-2
2026-08-18 18:29:46,305 WARN o.a.j.p.h.s.HTTPSamplerBase: Existing CookieManager HTTP Cookie管理器 superseded by HTTP Cookie管理器
2026-08-18 18:29:46,315 INFO o.a.j.t.JMeterThread: Thread is done: TG2 商品浏览 3-1
2026-08-18 18:29:46,315 INFO o.a.j.t.JMeterThread: Thread finished: TG2 商品浏览 3-1
2026-08-18 18:29:46,356 INFO o.a.j.t.JMeterThread: Thread is done: TG2 商品浏览 3-3
2026-08-18 18:29:46,356 INFO o.a.j.t.JMeterThread: Thread finished: TG2 商品浏览 3-3
2026-08-18 18:29:46,387 WARN o.a.j.p.h.s.HTTPSamplerBase: Existing CookieManager HTTP Cookie管理器 superseded by HTTP Cookie管理器
2026-08-18 18:29:46,415 WARN o.a.j.p.h.s.HTTPSamplerBase: Existing CookieManager HTTP Cookie管理器 superseded by HTTP Cookie管理器
2026-08-18 18:29:46,498 WARN o.a.j.p.h.s.HTTPSamplerBase: Existing CookieManager HTTP Cookie管理器 superseded by HTTP Cookie管理器
2026-08-18 18:29:46,533 INFO o.a.j.t.JMeterThread: Thread started: TG2 商品浏览 3-12
2026-08-18 18:29:46,549 WARN o.a.j.p.h.s.HTTPSamplerBase: Existing CookieManager HTTP Cookie管理器 superseded by HTTP Cookie管理器
2026-08-18 18:29:46,568 INFO o.a.j.t.JMeterThread: Thread is done: TG2 商品浏览 3-5
2026-08-18 18:29:46,568 INFO o.a.j.t.JMeterThread: Thread finished: TG2 商品浏览 3-5
2026-08-18 18:29:46,627 WARN o.a.j.p.h.s.HTTPSamplerBase: Existing CookieManager HTTP Cookie管理器 superseded by HTTP Cookie管理器
2026-08-18 18:29:46,634 INFO o.a.j.t.JMeterThread: Thread started: TG1 用户认证 2-10
2026-08-18 18:29:46,678 INFO o.a.j.t.JMeterThread: Thread started: TG4 AI 工具 5-10
2026-08-18 18:29:46,683 INFO o.a.j.t.JMeterThread: Thread started: TG5 管理员 6-10
2026-08-18 18:29:46,697 WARN o.a.j.p.h.s.HTTPSamplerBase: Existing CookieManager HTTP Cookie管理器 superseded by HTTP Cookie管理器
2026-08-18 18:29:46,958 INFO o.a.j.t.JMeterThread: Thread started: TG2 商品浏览 3-13
2026-08-18 18:29:46,975 WARN o.a.j.p.h.s.HTTPSamplerBase: Existing CookieManager HTTP Cookie管理器 superseded by HTTP Cookie管理器
2026-08-18 18:29:46,978 WARN o.a.j.p.h.s.HTTPSamplerBase: Existing CookieManager HTTP Cookie管理器 superseded by HTTP Cookie管理器
2026-08-18 18:29:46,987 WARN o.a.j.p.h.s.HTTPSamplerBase: Existing CookieManager HTTP Cookie管理器 superseded by HTTP Cookie管理器
2026-08-18 18:29:47,154 INFO o.a.j.t.JMeterThread: Thread started: TG3 商品发布与下单 4-6
2026-08-18 18:29:47,332 INFO o.a.j.t.JMeterThread: Thread started: TG2 商品浏览 3-14
2026-08-18 18:29:47,356 INFO o.a.j.t.JMeterThread: Thread is done: TG2 商品浏览 3-6
2026-08-18 18:29:47,356 INFO o.a.j.t.JMeterThread: Thread finished: TG2 商品浏览 3-6
2026-08-18 18:29:47,384 WARN o.a.j.p.h.s.HTTPSamplerBase: Existing CookieManager HTTP Cookie管理器 superseded by HTTP Cookie管理器
2026-08-18 18:29:47,396 WARN o.a.j.p.h.s.HTTPSamplerBase: Existing CookieManager HTTP Cookie管理器 superseded by HTTP Cookie管理器
2026-08-18 18:29:47,397 INFO o.a.j.t.JMeterThread: Thread is done: TG1 用户认证 2-3
2026-08-18 18:29:47,397 INFO o.a.j.t.JMeterThread: Thread finished: TG1 用户认证 2-3
2026-08-18 18:29:47,568 WARN o.a.j.p.h.s.HTTPSamplerBase: Existing CookieManager HTTP Cookie管理器 superseded by HTTP Cookie管理器
2026-08-18 18:29:47,602 WARN o.a.j.p.h.s.HTTPSamplerBase: Existing CookieManager HTTP Cookie管理器 superseded by HTTP Cookie管理器
2026-08-18 18:29:47,623 WARN o.a.j.p.h.s.HTTPSamplerBase: Existing CookieManager HTTP Cookie管理器 superseded by HTTP Cookie管理器
2026-08-18 18:29:47,630 WARN o.a.j.p.h.s.HTTPSamplerBase: Existing CookieManager HTTP Cookie管理器 superseded by HTTP Cookie管理器
2026-08-18 18:29:47,639 INFO o.a.j.t.JMeterThread: Thread is done: TG1 用户认证 2-1
2026-08-18 18:29:47,640 INFO o.a.j.t.JMeterThread: Thread finished: TG1 用户认证 2-1
2026-08-18 18:29:47,734 INFO o.a.j.t.JMeterThread: Thread started: TG2 商品浏览 3-15
2026-08-18 18:29:48,120 INFO o.a.j.t.JMeterThread: Thread started: TG2 商品浏览 3-16
2026-08-18 18:29:48,142 WARN o.a.j.p.h.s.HTTPSamplerBase: Existing CookieManager HTTP Cookie管理器 superseded by HTTP Cookie管理器
2026-08-18 18:29:48,149 INFO o.a.j.t.JMeterThread: Thread started: TG3 商品发布与下单 4-7
2026-08-18 18:29:48,335 WARN o.a.j.p.h.s.HTTPSamplerBase: Existing CookieManager HTTP Cookie管理器 superseded by HTTP Cookie管理器
2026-08-18 18:29:48,531 INFO o.a.j.t.JMeterThread: Thread started: TG2 商品浏览 3-17
2026-08-18 18:29:48,711 WARN o.a.j.p.h.s.HTTPSamplerBase: Existing CookieManager HTTP Cookie管理器 superseded by HTTP Cookie管理器
2026-08-18 18:29:48,722 WARN o.a.j.p.h.s.HTTPSamplerBase: Existing CookieManager HTTP Cookie管理器 superseded by HTTP Cookie管理器
2026-08-18 18:29:48,725 WARN o.a.j.p.h.s.HTTPSamplerBase: Existing CookieManager HTTP Cookie管理器 superseded by HTTP Cookie管理器
2026-08-18 18:29:48,788 WARN o.a.j.p.h.s.HTTPSamplerBase: Existing CookieManager HTTP Cookie管理器 superseded by HTTP Cookie管理器
2026-08-18 18:29:48,822 INFO o.a.j.t.JMeterThread: Thread is done: TG1 用户认证 2-2
2026-08-18 18:29:48,822 INFO o.a.j.t.JMeterThread: Thread finished: TG1 用户认证 2-2
2026-08-18 18:29:48,825 WARN o.a.j.p.h.s.HTTPSamplerBase: Existing CookieManager HTTP Cookie管理器 superseded by HTTP Cookie管理器
2026-08-18 18:29:48,833 WARN o.a.j.p.h.s.HTTPSamplerBase: Existing CookieManager HTTP Cookie管理器 superseded by HTTP Cookie管理器
2026-08-18 18:29:48,844 INFO o.a.j.t.JMeterThread: Thread is done: TG1 用户认证 2-4
2026-08-18 18:29:48,844 INFO o.a.j.t.JMeterThread: Thread finished: TG1 用户认证 2-4
2026-08-18 18:29:48,900 WARN o.a.j.p.h.s.HTTPSamplerBase: Existing CookieManager HTTP Cookie管理器 superseded by HTTP Cookie管理器
2026-08-18 18:29:48,907 INFO o.a.j.t.JMeterThread: Thread is done: TG2 商品浏览 3-7
2026-08-18 18:29:48,907 INFO o.a.j.t.JMeterThread: Thread finished: TG2 商品浏览 3-7
2026-08-18 18:29:48,931 INFO o.a.j.t.JMeterThread: Thread started: TG2 商品浏览 3-18
2026-08-18 18:29:48,998 WARN o.a.j.p.h.s.HTTPSamplerBase: Existing CookieManager HTTP Cookie管理器 superseded by HTTP Cookie管理器
2026-08-18 18:29:49,045 WARN o.a.j.p.h.s.HTTPSamplerBase: Existing CookieManager HTTP Cookie管理器 superseded by HTTP Cookie管理器
2026-08-18 18:29:49,149 INFO o.a.j.t.JMeterThread: Thread started: TG3 商品发布与下单 4-8
2026-08-18 18:29:49,167 WARN o.a.j.p.h.s.HTTPSamplerBase: Existing CookieManager HTTP Cookie管理器 superseded by HTTP Cookie管理器
2026-08-18 18:29:49,176 WARN o.a.j.p.h.s.HTTPSamplerBase: Existing CookieManager HTTP Cookie管理器 superseded by HTTP Cookie管理器
2026-08-18 18:29:49,255 INFO o.a.j.t.JMeterThread: Thread is done: TG2 商品浏览 3-8
2026-08-18 18:29:49,255 INFO o.a.j.t.JMeterThread: Thread finished: TG2 商品浏览 3-8
2026-08-18 18:29:49,289 WARN o.a.j.p.h.s.HTTPSamplerBase: Existing CookieManager HTTP Cookie管理器 superseded by HTTP Cookie管理器
2026-08-18 18:29:49,326 INFO o.a.j.t.JMeterThread: Thread started: TG2 商品浏览 3-19
2026-08-18 18:29:49,333 WARN o.a.j.p.h.s.HTTPSamplerBase: Existing CookieManager HTTP Cookie管理器 superseded by HTTP Cookie管理器
2026-08-18 18:29:49,550 WARN o.a.j.p.h.s.HTTPSamplerBase: Existing CookieManager HTTP Cookie管理器 superseded by HTTP Cookie管理器
2026-08-18 18:29:49,553 INFO o.a.j.t.JMeterThread: Thread is done: TG1 用户认证 2-5
2026-08-18 18:29:49,553 INFO o.a.j.t.JMeterThread: Thread finished: TG1 用户认证 2-5
2026-08-18 18:29:49,563 WARN o.a.j.p.h.s.HTTPSamplerBase: Existing CookieManager HTTP Cookie管理器 superseded by HTTP Cookie管理器
2026-08-18 18:29:49,728 INFO o.a.j.t.JMeterThread: Thread started: TG2 商品浏览 3-20
2026-08-18 18:29:49,729 WARN o.a.j.p.h.s.HTTPSamplerBase: Existing CookieManager HTTP Cookie管理器 superseded by HTTP Cookie管理器
2026-08-18 18:29:49,825 WARN o.a.j.p.h.s.HTTPSamplerBase: Existing CookieManager HTTP Cookie管理器 superseded by HTTP Cookie管理器
2026-08-18 18:29:49,893 WARN o.a.j.p.h.s.HTTPSamplerBase: Existing CookieManager HTTP Cookie管理器 superseded by HTTP Cookie管理器
2026-08-18 18:29:49,957 WARN o.a.j.p.h.s.HTTPSamplerBase: Existing CookieManager HTTP Cookie管理器 superseded by HTTP Cookie管理器
2026-08-18 18:29:49,993 WARN o.a.j.p.h.s.HTTPSamplerBase: Existing CookieManager HTTP Cookie管理器 superseded by HTTP Cookie管理器
2026-08-18 18:29:50,128 INFO o.a.j.t.JMeterThread: Thread started: TG2 商品浏览 3-21
2026-08-18 18:29:50,179 INFO o.a.j.t.JMeterThread: Thread started: TG3 商品发布与下单 4-9
2026-08-18 18:29:50,183 WARN o.a.j.p.h.s.HTTPSamplerBase: Existing CookieManager HTTP Cookie管理器 superseded by HTTP Cookie管理器
2026-08-18 18:29:50,381 INFO o.a.j.t.JMeterThread: Thread is done: TG2 商品浏览 3-9
2026-08-18 18:29:50,382 INFO o.a.j.t.JMeterThread: Thread finished: TG2 商品浏览 3-9
2026-08-18 18:29:50,397 WARN o.a.j.p.h.s.HTTPSamplerBase: Existing CookieManager HTTP Cookie管理器 superseded by HTTP Cookie管理器
2026-08-18 18:29:50,405 WARN o.a.j.p.h.s.HTTPSamplerBase: Existing CookieManager HTTP Cookie管理器 superseded by HTTP Cookie管理器
2026-08-18 18:29:50,529 INFO o.a.j.t.JMeterThread: Thread started: TG2 商品浏览 3-22
2026-08-18 18:29:50,678 INFO o.a.j.t.JMeterThread: Thread is done: TG1 用户认证 2-6
2026-08-18 18:29:50,679 INFO o.a.j.t.JMeterThread: Thread finished: TG1 用户认证 2-6
2026-08-18 18:29:50,684 WARN o.a.j.p.h.s.HTTPSamplerBase: Existing CookieManager HTTP Cookie管理器 superseded by HTTP Cookie管理器
2026-08-18 18:29:50,787 WARN o.a.j.p.h.s.HTTPSamplerBase: Existing CookieManager HTTP Cookie管理器 superseded by HTTP Cookie管理器
2026-08-18 18:29:50,929 INFO o.a.j.t.JMeterThread: Thread started: TG2 商品浏览 3-23
2026-08-18 18:29:51,079 INFO o.a.j.t.JMeterThread: Thread is done: TG2 商品浏览 3-11
2026-08-18 18:29:51,080 INFO o.a.j.t.JMeterThread: Thread finished: TG2 商品浏览 3-11
2026-08-18 18:29:51,155 INFO o.a.j.t.JMeterThread: Thread started: TG3 商品发布与下单 4-10
2026-08-18 18:29:51,306 WARN o.a.j.p.h.s.HTTPSamplerBase: Existing CookieManager HTTP Cookie管理器 superseded by HTTP Cookie管理器
2026-08-18 18:29:51,326 INFO o.a.j.t.JMeterThread: Thread is done: TG2 商品浏览 3-10
2026-08-18 18:29:51,326 INFO o.a.j.t.JMeterThread: Thread finished: TG2 商品浏览 3-10
2026-08-18 18:29:51,346 INFO o.a.j.t.JMeterThread: Thread started: TG2 商品浏览 3-24
2026-08-18 18:29:51,537 WARN o.a.j.p.h.s.HTTPSamplerBase: Existing CookieManager HTTP Cookie管理器 superseded by HTTP Cookie管理器
2026-08-18 18:29:51,547 WARN o.a.j.p.h.s.HTTPSamplerBase: Existing CookieManager HTTP Cookie管理器 superseded by HTTP Cookie管理器
2026-08-18 18:29:51,573 WARN o.a.j.p.h.s.HTTPSamplerBase: Existing CookieManager HTTP Cookie管理器 superseded by HTTP Cookie管理器
2026-08-18 18:29:51,598 WARN o.a.j.p.h.s.HTTPSamplerBase: Existing CookieManager HTTP Cookie管理器 superseded by HTTP Cookie管理器
2026-08-18 18:29:51,625 WARN o.a.j.p.h.s.HTTPSamplerBase: Existing CookieManager HTTP Cookie管理器 superseded by HTTP Cookie管理器
2026-08-18 18:29:51,627 WARN o.a.j.p.h.s.HTTPSamplerBase: Existing CookieManager HTTP Cookie管理器 superseded by HTTP Cookie管理器
2026-08-18 18:29:51,630 WARN o.a.j.p.h.s.HTTPSamplerBase: Existing CookieManager HTTP Cookie管理器 superseded by HTTP Cookie管理器
2026-08-18 18:29:51,648 WARN o.a.j.p.h.s.HTTPSamplerBase: Existing CookieManager HTTP Cookie管理器 superseded by HTTP Cookie管理器
2026-08-18 18:29:51,657 INFO o.a.j.t.JMeterThread: Thread is done: TG1 用户认证 2-7
2026-08-18 18:29:51,657 INFO o.a.j.t.JMeterThread: Thread finished: TG1 用户认证 2-7
2026-08-18 18:29:51,726 INFO o.a.j.t.JMeterThread: Thread started: TG2 商品浏览 3-25
2026-08-18 18:29:51,820 WARN o.a.j.p.h.s.HTTPSamplerBase: Existing CookieManager HTTP Cookie管理器 superseded by HTTP Cookie管理器
2026-08-18 18:29:51,824 WARN o.a.j.p.h.s.HTTPSamplerBase: Existing CookieManager HTTP Cookie管理器 superseded by HTTP Cookie管理器
2026-08-18 18:29:52,295 WARN o.a.j.p.h.s.HTTPSamplerBase: Existing CookieManager HTTP Cookie管理器 superseded by HTTP Cookie管理器
2026-08-18 18:29:52,398 INFO o.a.j.t.JMeterThread: Thread is done: TG2 商品浏览 3-12
2026-08-18 18:29:52,398 INFO o.a.j.t.JMeterThread: Thread finished: TG2 商品浏览 3-12
2026-08-18 18:29:52,416 WARN o.a.j.p.h.s.HTTPSamplerBase: Existing CookieManager HTTP Cookie管理器 superseded by HTTP Cookie管理器
2026-08-18 18:29:52,531 INFO o.a.j.t.JMeterThread: Thread is done: TG2 商品浏览 3-13
2026-08-18 18:29:52,531 INFO o.a.j.t.JMeterThread: Thread finished: TG2 商品浏览 3-13
2026-08-18 18:29:52,534 WARN o.a.j.p.h.s.HTTPSamplerBase: Existing CookieManager HTTP Cookie管理器 superseded by HTTP Cookie管理器
2026-08-18 18:29:52,689 WARN o.a.j.p.h.s.HTTPSamplerBase: Existing CookieManager HTTP Cookie管理器 superseded by HTTP Cookie管理器
2026-08-18 18:29:52,789 WARN o.a.j.p.h.s.HTTPSamplerBase: Existing CookieManager HTTP Cookie管理器 superseded by HTTP Cookie管理器
2026-08-18 18:29:52,792 WARN o.a.j.p.h.s.HTTPSamplerBase: Existing CookieManager HTTP Cookie管理器 superseded by HTTP Cookie管理器
2026-08-18 18:29:52,861 WARN o.a.j.p.h.s.HTTPSamplerBase: Existing CookieManager HTTP Cookie管理器 superseded by HTTP Cookie管理器
2026-08-18 18:29:52,990 INFO o.a.j.t.JMeterThread: Thread is done: TG1 用户认证 2-8
2026-08-18 18:29:52,991 INFO o.a.j.t.JMeterThread: Thread finished: TG1 用户认证 2-8
2026-08-18 18:29:53,137 WARN o.a.j.p.h.s.HTTPSamplerBase: Existing CookieManager HTTP Cookie管理器 superseded by HTTP Cookie管理器
2026-08-18 18:29:53,209 WARN o.a.j.p.h.s.HTTPSamplerBase: Existing CookieManager HTTP Cookie管理器 superseded by HTTP Cookie管理器
2026-08-18 18:29:53,339 WARN o.a.j.p.h.s.HTTPSamplerBase: Existing CookieManager HTTP Cookie管理器 superseded by HTTP Cookie管理器
2026-08-18 18:29:53,367 INFO o.a.j.t.JMeterThread: Thread is done: TG2 商品浏览 3-14
2026-08-18 18:29:53,368 INFO o.a.j.t.JMeterThread: Thread finished: TG2 商品浏览 3-14
2026-08-18 18:29:53,379 INFO o.a.j.t.JMeterThread: Thread is done: TG2 商品浏览 3-16
2026-08-18 18:29:53,379 INFO o.a.j.t.JMeterThread: Thread finished: TG2 商品浏览 3-16
2026-08-18 18:29:53,434 INFO o.a.j.t.JMeterThread: Thread is done: TG1 用户认证 2-9
2026-08-18 18:29:53,434 INFO o.a.j.t.JMeterThread: Thread finished: TG1 用户认证 2-9
2026-08-18 18:29:53,679 WARN o.a.j.p.h.s.HTTPSamplerBase: Existing CookieManager HTTP Cookie管理器 superseded by HTTP Cookie管理器
2026-08-18 18:29:53,786 INFO o.a.j.t.JMeterThread: Thread is done: TG2 商品浏览 3-17
2026-08-18 18:29:53,787 INFO o.a.j.t.JMeterThread: Thread finished: TG2 商品浏览 3-17
2026-08-18 18:29:53,847 WARN o.a.j.p.h.s.HTTPSamplerBase: Existing CookieManager HTTP Cookie管理器 superseded by HTTP Cookie管理器
2026-08-18 18:29:53,886 INFO o.a.j.t.JMeterThread: Thread is done: TG2 商品浏览 3-15
2026-08-18 18:29:53,886 INFO o.a.j.t.JMeterThread: Thread finished: TG2 商品浏览 3-15
2026-08-18 18:29:53,890 WARN o.a.j.p.h.s.HTTPSamplerBase: Existing CookieManager HTTP Cookie管理器 superseded by HTTP Cookie管理器
2026-08-18 18:29:53,897 WARN o.a.j.p.h.s.HTTPSamplerBase: Existing CookieManager HTTP Cookie管理器 superseded by HTTP Cookie管理器
2026-08-18 18:29:54,294 WARN o.a.j.p.h.s.HTTPSamplerBase: Existing CookieManager HTTP Cookie管理器 superseded by HTTP Cookie管理器
2026-08-18 18:29:54,328 INFO o.a.j.t.JMeterThread: Thread is done: TG2 商品浏览 3-18
2026-08-18 18:29:54,329 INFO o.a.j.t.JMeterThread: Thread finished: TG2 商品浏览 3-18
2026-08-18 18:29:54,345 INFO o.a.j.t.JMeterThread: Thread is done: TG1 用户认证 2-10
2026-08-18 18:29:54,345 INFO o.a.j.t.JMeterThread: Thread finished: TG1 用户认证 2-10
2026-08-18 18:29:54,646 WARN o.a.j.p.h.s.HTTPSamplerBase: Existing CookieManager HTTP Cookie管理器 superseded by HTTP Cookie管理器
2026-08-18 18:29:54,829 WARN o.a.j.p.h.s.HTTPSamplerBase: Existing CookieManager HTTP Cookie管理器 superseded by HTTP Cookie管理器
2026-08-18 18:29:54,834 WARN o.a.j.p.h.s.HTTPSamplerBase: Existing CookieManager HTTP Cookie管理器 superseded by HTTP Cookie管理器
2026-08-18 18:29:54,834 WARN o.a.j.p.h.s.HTTPSamplerBase: Existing CookieManager HTTP Cookie管理器 superseded by HTTP Cookie管理器
2026-08-18 18:29:54,868 WARN o.a.j.p.h.s.HTTPSamplerBase: Existing CookieManager HTTP Cookie管理器 superseded by HTTP Cookie管理器
2026-08-18 18:29:54,888 WARN o.a.j.p.h.s.HTTPSamplerBase: Existing CookieManager HTTP Cookie管理器 superseded by HTTP Cookie管理器
2026-08-18 18:29:54,910 INFO o.a.j.t.JMeterThread: Thread is done: TG2 商品浏览 3-19
2026-08-18 18:29:54,910 INFO o.a.j.t.JMeterThread: Thread finished: TG2 商品浏览 3-19
2026-08-18 18:29:54,954 WARN o.a.j.p.h.s.HTTPSamplerBase: Existing CookieManager HTTP Cookie管理器 superseded by HTTP Cookie管理器
2026-08-18 18:29:54,959 WARN o.a.j.p.h.s.HTTPSamplerBase: Existing CookieManager HTTP Cookie管理器 superseded by HTTP Cookie管理器
2026-08-18 18:29:54,989 WARN o.a.j.p.h.s.HTTPSamplerBase: Existing CookieManager HTTP Cookie管理器 superseded by HTTP Cookie管理器
2026-08-18 18:29:55,393 WARN o.a.j.p.h.s.HTTPSamplerBase: Existing CookieManager HTTP Cookie管理器 superseded by HTTP Cookie管理器
2026-08-18 18:29:55,477 INFO o.a.j.t.JMeterThread: Thread is done: TG2 商品浏览 3-20
2026-08-18 18:29:55,477 INFO o.a.j.t.JMeterThread: Thread finished: TG2 商品浏览 3-20
2026-08-18 18:29:55,738 WARN o.a.j.p.h.s.HTTPSamplerBase: Existing CookieManager HTTP Cookie管理器 superseded by HTTP Cookie管理器
2026-08-18 18:29:55,780 INFO o.a.j.t.JMeterThread: Thread is done: TG2 商品浏览 3-21
2026-08-18 18:29:55,780 INFO o.a.j.t.JMeterThread: Thread finished: TG2 商品浏览 3-21
2026-08-18 18:29:55,878 WARN o.a.j.p.h.s.HTTPSamplerBase: Existing CookieManager HTTP Cookie管理器 superseded by HTTP Cookie管理器
2026-08-18 18:29:56,015 WARN o.a.j.p.h.s.HTTPSamplerBase: Existing CookieManager HTTP Cookie管理器 superseded by HTTP Cookie管理器
2026-08-18 18:29:56,207 INFO o.a.j.t.JMeterThread: Thread is done: TG2 商品浏览 3-22
2026-08-18 18:29:56,207 INFO o.a.j.t.JMeterThread: Thread finished: TG2 商品浏览 3-22
2026-08-18 18:29:56,275 WARN o.a.j.p.h.s.HTTPSamplerBase: Existing CookieManager HTTP Cookie管理器 superseded by HTTP Cookie管理器
2026-08-18 18:29:56,276 WARN o.a.j.p.h.s.HTTPSamplerBase: Existing CookieManager HTTP Cookie管理器 superseded by HTTP Cookie管理器
2026-08-18 18:29:56,306 INFO o.a.j.t.JMeterThread: Thread is done: TG2 商品浏览 3-23
2026-08-18 18:29:56,306 INFO o.a.j.t.JMeterThread: Thread finished: TG2 商品浏览 3-23
2026-08-18 18:29:56,457 WARN o.a.j.p.h.s.HTTPSamplerBase: Existing CookieManager HTTP Cookie管理器 superseded by HTTP Cookie管理器
2026-08-18 18:29:56,466 INFO o.a.j.t.JMeterThread: Thread is done: TG2 商品浏览 3-24
2026-08-18 18:29:56,467 INFO o.a.j.t.JMeterThread: Thread finished: TG2 商品浏览 3-24
2026-08-18 18:29:56,516 WARN o.a.j.p.h.s.HTTPSamplerBase: Existing CookieManager HTTP Cookie管理器 superseded by HTTP Cookie管理器
2026-08-18 18:29:56,710 WARN o.a.j.p.h.s.HTTPSamplerBase: Existing CookieManager HTTP Cookie管理器 superseded by HTTP Cookie管理器
2026-08-18 18:29:56,752 WARN o.a.j.p.h.s.HTTPSamplerBase: Existing CookieManager HTTP Cookie管理器 superseded by HTTP Cookie管理器
2026-08-18 18:29:56,770 WARN o.a.j.p.h.s.HTTPSamplerBase: Existing CookieManager HTTP Cookie管理器 superseded by HTTP Cookie管理器
2026-08-18 18:29:56,773 WARN o.a.j.p.h.s.HTTPSamplerBase: Existing CookieManager HTTP Cookie管理器 superseded by HTTP Cookie管理器
2026-08-18 18:29:56,785 INFO o.a.j.t.JMeterThread: Thread is done: TG2 商品浏览 3-25
2026-08-18 18:29:56,785 INFO o.a.j.t.JMeterThread: Thread finished: TG2 商品浏览 3-25
2026-08-18 18:29:56,888 WARN o.a.j.p.h.s.HTTPSamplerBase: Existing CookieManager HTTP Cookie管理器 superseded by HTTP Cookie管理器
2026-08-18 18:29:57,031 WARN o.a.j.p.h.s.HTTPSamplerBase: Existing CookieManager HTTP Cookie管理器 superseded by HTTP Cookie管理器
2026-08-18 18:29:57,121 WARN o.a.j.p.h.s.HTTPSamplerBase: Existing CookieManager HTTP Cookie管理器 superseded by HTTP Cookie管理器
2026-08-18 18:29:57,124 WARN o.a.j.p.h.s.HTTPSamplerBase: Existing CookieManager HTTP Cookie管理器 superseded by HTTP Cookie管理器
2026-08-18 18:29:57,134 WARN o.a.j.p.h.s.HTTPSamplerBase: Existing CookieManager HTTP Cookie管理器 superseded by HTTP Cookie管理器
2026-08-18 18:29:57,261 INFO o.a.j.t.JMeterThread: Thread is done: TG5 管理员 6-2
2026-08-18 18:29:57,262 INFO o.a.j.t.JMeterThread: Thread finished: TG5 管理员 6-2
2026-08-18 18:29:57,335 WARN o.a.j.p.h.s.HTTPSamplerBase: Existing CookieManager HTTP Cookie管理器 superseded by HTTP Cookie管理器
2026-08-18 18:29:57,341 INFO o.a.j.t.JMeterThread: Thread is done: TG5 管理员 6-3
2026-08-18 18:29:57,341 INFO o.a.j.t.JMeterThread: Thread finished: TG5 管理员 6-3
2026-08-18 18:29:57,348 INFO o.a.j.t.JMeterThread: Thread is done: TG5 管理员 6-1
2026-08-18 18:29:57,348 INFO o.a.j.t.JMeterThread: Thread finished: TG5 管理员 6-1
2026-08-18 18:29:57,352 WARN o.a.j.p.h.s.HTTPSamplerBase: Existing CookieManager HTTP Cookie管理器 superseded by HTTP Cookie管理器
2026-08-18 18:29:57,470 WARN o.a.j.p.h.s.HTTPSamplerBase: Existing CookieManager HTTP Cookie管理器 superseded by HTTP Cookie管理器
2026-08-18 18:29:57,497 WARN o.a.j.p.h.s.HTTPSamplerBase: Existing CookieManager HTTP Cookie管理器 superseded by HTTP Cookie管理器
2026-08-18 18:29:57,550 WARN o.a.j.p.h.s.HTTPSamplerBase: Existing CookieManager HTTP Cookie管理器 superseded by HTTP Cookie管理器
2026-08-18 18:29:57,587 WARN o.a.j.p.h.s.HTTPSamplerBase: Existing CookieManager HTTP Cookie管理器 superseded by HTTP Cookie管理器
2026-08-18 18:29:58,024 WARN o.a.j.p.h.s.HTTPSamplerBase: Existing CookieManager HTTP Cookie管理器 superseded by HTTP Cookie管理器
2026-08-18 18:29:58,107 WARN o.a.j.p.h.s.HTT2026-08-18 18:38:18,050 INFO o.a.j.g.a.Load: Loading file: H:\github works\cb\cb\cb-jmeter-test.jmx
2026-08-18 18:38:18,078 INFO o.a.j.s.FileServer: Set new base='H:\github works\cb\cb'
2026-08-18 18:38:18,080 INFO o.a.j.s.SaveService: Loading file: H:\github works\cb\cb\cb-jmeter-test.jmx
2026-08-18 18:38:19,273 INFO o.a.j.s.FileServer: Set new base='H:\github works\cb\cb'
2026-08-18 18:38:21,944 INFO o.a.j.e.StandardJMeterEngine: Running the test!
2026-08-18 18:38:21,956 INFO o.a.j.s.SampleEvent: List of sample_variables: []
2026-08-18 18:38:21,988 INFO o.a.j.g.u.JMeterMenuBar: setRunning(true, *local*)
2026-08-18 18:38:22,706 INFO o.a.j.e.StandardJMeterEngine: Starting ThreadGroup: 1 : [setUp] 健康检查
2026-08-18 18:38:22,707 INFO o.a.j.e.StandardJMeterEngine: Starting 1 threads for group [setUp] 健康检查.
2026-08-18 18:38:22,708 INFO o.a.j.e.StandardJMeterEngine: Thread will continue on error
2026-08-18 18:38:22,708 INFO o.a.j.t.ThreadGroup: Starting thread group... number=1 threads=1 ramp-up=1 delayedStart=false
2026-08-18 18:38:22,710 INFO o.a.j.t.ThreadGroup: Started thread group number 1
2026-08-18 18:38:22,710 INFO o.a.j.e.StandardJMeterEngine: Starting ThreadGroup: 2 : TG1 用户认证
2026-08-18 18:38:22,710 INFO o.a.j.e.StandardJMeterEngine: Starting 10 threads for group TG1 用户认证.
2026-08-18 18:38:22,710 INFO o.a.j.e.StandardJMeterEngine: Thread will continue on error
2026-08-18 18:38:22,710 INFO o.a.j.t.ThreadGroup: Starting thread group... number=2 threads=10 ramp-up=5 delayedStart=false
2026-08-18 18:38:22,719 INFO o.a.j.t.ThreadGroup: Started thread group number 2
2026-08-18 18:38:22,719 INFO o.a.j.e.StandardJMeterEngine: Starting ThreadGroup: 3 : TG2 商品浏览
2026-08-18 18:38:22,719 INFO o.a.j.e.StandardJMeterEngine: Starting 25 threads for group TG2 商品浏览.
2026-08-18 18:38:22,719 INFO o.a.j.e.StandardJMeterEngine: Thread will continue on error
2026-08-18 18:38:22,720 INFO o.a.j.t.ThreadGroup: Starting thread group... number=3 threads=25 ramp-up=10 delayedStart=false
2026-08-18 18:38:22,721 INFO o.a.j.t.JMeterThread: Thread started: TG1 用户认证 2-1
2026-08-18 18:38:22,721 INFO o.a.j.t.JMeterThread: Thread started: [setUp] 健康检查 1-1
2026-08-18 18:38:22,723 INFO o.a.j.s.FileServer: Stored: test_users.csv
2026-08-18 18:38:22,747 INFO o.a.j.t.ThreadGroup: Started thread group number 3
2026-08-18 18:38:22,748 INFO o.a.j.e.StandardJMeterEngine: Starting ThreadGroup: 4 : TG3 商品发布与下单
2026-08-18 18:38:22,748 INFO o.a.j.e.StandardJMeterEngine: Starting 10 threads for group TG3 商品发布与下单.
2026-08-18 18:38:22,748 INFO o.a.j.e.StandardJMeterEngine: Thread will continue on error
2026-08-18 18:38:22,749 INFO o.a.j.t.ThreadGroup: Starting thread group... number=4 threads=10 ramp-up=10 delayedStart=false
2026-08-18 18:38:22,769 INFO o.a.j.t.JMeterThread: Thread started: TG2 商品浏览 3-1
2026-08-18 18:38:22,773 INFO o.a.j.t.ThreadGroup: Started thread group number 4
2026-08-18 18:38:22,774 INFO o.a.j.e.StandardJMeterEngine: Starting ThreadGroup: 5 : TG4 AI 工具
2026-08-18 18:38:22,774 INFO o.a.j.e.StandardJMeterEngine: Starting 10 threads for group TG4 AI 工具.
2026-08-18 18:38:22,774 INFO o.a.j.e.StandardJMeterEngine: Thread will continue on error
2026-08-18 18:38:22,774 INFO o.a.j.t.ThreadGroup: Starting thread group... number=5 threads=10 ramp-up=5 delayedStart=false
2026-08-18 18:38:22,790 INFO o.a.j.t.ThreadGroup: Started thread group number 5
2026-08-18 18:38:22,790 INFO o.a.j.e.StandardJMeterEngine: Starting ThreadGroup: 6 : TG5 管理员
2026-08-18 18:38:22,790 INFO o.a.j.e.StandardJMeterEngine: Starting 10 threads for group TG5 管理员.
2026-08-18 18:38:22,790 INFO o.a.j.e.StandardJMeterEngine: Thread will continue on error
2026-08-18 18:38:22,790 INFO o.a.j.t.ThreadGroup: Starting thread group... number=6 threads=10 ramp-up=5 delayedStart=false
2026-08-18 18:38:22,793 INFO o.a.j.t.JMeterThread: Thread is done: [setUp] 健康检查 1-1
2026-08-18 18:38:22,794 INFO o.a.j.t.JMeterThread: Thread finished: [setUp] 健康检查 1-1
2026-08-18 18:38:22,800 INFO o.a.j.t.ThreadGroup: Started thread group number 6
2026-08-18 18:38:22,802 INFO o.a.j.e.StandardJMeterEngine: All thread groups have been started
2026-08-18 18:38:22,868 INFO o.a.j.t.JMeterThread: Thread started: TG3 商品发布与下单 4-1
2026-08-18 18:38:22,887 INFO o.a.j.t.JMeterThread: Thread started: TG4 AI 工具 5-1
2026-08-18 18:38:22,892 INFO o.a.j.t.JMeterThread: Thread started: TG5 管理员 6-1
2026-08-18 18:38:23,153 INFO o.a.j.t.JMeterThread: Thread started: TG2 商品浏览 3-2
2026-08-18 18:38:23,222 INFO o.a.j.t.JMeterThread: Thread started: TG1 用户认证 2-2
2026-08-18 18:38:23,293 WARN o.a.j.p.h.s.HTTPSamplerBase: Existing CookieManager HTTP Cookie管理器 superseded by HTTP Cookie管理器
2026-08-18 18:38:23,387 INFO o.a.j.t.JMeterThread: Thread started: TG4 AI 工具 5-2
2026-08-18 18:38:23,391 INFO o.a.j.t.JMeterThread: Thread started: TG5 管理员 6-2
2026-08-18 18:38:23,460 WARN o.a.j.p.h.s.HTTPSamplerBase: Existing CookieManager HTTP Cookie管理器 superseded by HTTP Cookie管理器
2026-08-18 18:38:23,553 INFO o.a.j.t.JMeterThread: Thread started: TG2 商品浏览 3-3
2026-08-18 18:38:23,639 WARN o.a.j.p.h.s.HTTPSamplerBase: Existing CookieManager HTTP Cookie管理器 superseded by HTTP Cookie管理器
2026-08-18 18:38:23,661 WARN o.a.j.p.h.s.HTTPSamplerBase: Existing CookieManager HTTP Cookie管理器 superseded by HTTP Cookie管理器
2026-08-18 18:38:23,703 WARN o.a.j.p.h.s.HTTPSamplerBase: Existing CookieManager HTTP Cookie管理器 superseded by HTTP Cookie管理器
2026-08-18 18:38:23,722 INFO o.a.j.t.JMeterThread: Thread started: TG1 用户认证 2-3
2026-08-18 18:38:23,867 INFO o.a.j.t.JMeterThread: Thread started: TG3 商品发布与下单 4-2
2026-08-18 18:38:23,884 INFO o.a.j.t.JMeterThread: Thread started: TG4 AI 工具 5-3
2026-08-18 18:38:23,891 INFO o.a.j.t.JMeterThread: Thread started: TG5 管理员 6-3
2026-08-18 18:38:23,954 INFO o.a.j.t.JMeterThread: Thread started: TG2 商品浏览 3-4
2026-08-18 18:38:24,220 INFO o.a.j.t.JMeterThread: Thread started: TG1 用户认证 2-4
2026-08-18 18:38:24,288 WARN o.a.j.p.h.s.HTTPSamplerBase: Existing CookieManager HTTP Cookie管理器 superseded by HTTP Cookie管理器
2026-08-18 18:38:24,300 WARN o.a.j.p.h.s.HTTPSamplerBase: Existing CookieManager HTTP Cookie管理器 superseded by HTTP Cookie管理器
2026-08-18 18:38:24,323 WARN o.a.j.p.h.s.HTTPSamplerBase: Existing CookieManager HTTP Cookie管理器 superseded by HTTP Cookie管理器
2026-08-18 18:38:24,353 INFO o.a.j.t.JMeterThread: Thread started: TG2 商品浏览 3-5
2026-08-18 18:38:24,380 WARN o.a.j.p.h.s.HTTPSamplerBase: Existing CookieManager HTTP Cookie管理器 superseded by HTTP Cookie管理器
2026-08-18 18:38:24,382 INFO o.a.j.t.JMeterThread: Thread started: TG4 AI 工具 5-4
2026-08-18 18:38:24,393 INFO o.a.j.t.JMeterThread: Thread started: TG5 管理员 6-4
2026-08-18 18:38:24,723 INFO o.a.j.t.JMeterThread: Thread is done: TG2 商品浏览 3-1
2026-08-18 18:38:24,724 INFO o.a.j.t.JMeterThread: Thread finished: TG2 商品浏览 3-1
2026-08-18 18:38:24,725 INFO o.a.j.t.JMeterThread: Thread started: TG1 用户认证 2-5
2026-08-18 18:38:24,756 INFO o.a.j.t.JMeterThread: Thread started: TG2 商品浏览 3-6
2026-08-18 18:38:24,864 INFO o.a.j.t.JMeterThread: Thread started: TG3 商品发布与下单 4-3
2026-08-18 18:38:24,881 INFO o.a.j.t.JMeterThread: Thread started: TG4 AI 工具 5-5
2026-08-18 18:38:24,894 INFO o.a.j.t.JMeterThread: Thread started: TG5 管理员 6-5
2026-08-18 18:38:24,990 WARN o.a.j.p.h.s.HTTPSamplerBase: Existing CookieManager HTTP Cookie管理器 superseded by HTTP Cookie管理器
2026-08-18 18:38:25,057 INFO o.a.j.t.JMeterThread: Thread is done: TG2 商品浏览 3-2
2026-08-18 18:38:25,057 INFO o.a.j.t.JMeterThread: Thread finished: TG2 商品浏览 3-2
2026-08-18 18:38:25,063 WARN o.a.j.p.h.s.HTTPSamplerBase: Existing CookieManager HTTP Cookie管理器 superseded by HTTP Cookie管理器
2026-08-18 18:38:25,108 WARN o.a.j.p.h.s.HTTPSamplerBase: Existing CookieManager HTTP Cookie管理器 superseded by HTTP Cookie管理器
2026-08-18 18:38:25,155 INFO o.a.j.t.JMeterThread: Thread started: TG2 商品浏览 3-7
2026-08-18 18:38:25,220 INFO o.a.j.t.JMeterThread: Thread started: TG1 用户认证 2-6
2026-08-18 18:38:25,382 INFO o.a.j.t.JMeterThread: Thread started: TG4 AI 工具 5-6
2026-08-18 18:38:25,393 INFO o.a.j.t.JMeterThread: Thread started: TG5 管理员 6-6
2026-08-18 18:38:25,420 WARN o.a.j.p.h.s.HTTPSamplerBase: Existing CookieManager HTTP Cookie管理器 superseded by HTTP Cookie管理器
2026-08-18 18:38:25,444 WARN o.a.j.p.h.s.HTTPSamplerBase: Existing CookieManager HTTP Cookie管理器 superseded by HTTP Cookie管理器
2026-08-18 18:38:25,476 WARN o.a.j.p.h.s.HTTPSamplerBase: Existing CookieManager HTTP Cookie管理器 superseded by HTTP Cookie管理器
2026-08-18 18:38:25,555 INFO o.a.j.t.JMeterThread: Thread started: TG2 商品浏览 3-8
2026-08-18 18:38:25,723 INFO o.a.j.t.JMeterThread: Thread started: TG1 用户认证 2-7
2026-08-18 18:38:25,865 INFO o.a.j.t.JMeterThread: Thread started: TG3 商品发布与下单 4-4
2026-08-18 18:38:25,880 INFO o.a.j.t.JMeterThread: Thread started: TG4 AI 工具 5-7
2026-08-18 18:38:25,892 INFO o.a.j.t.JMeterThread: Thread started: TG5 管理员 6-7
2026-08-18 18:38:25,954 INFO o.a.j.t.JMeterThread: Thread started: TG2 商品浏览 3-9
2026-08-18 18:38:26,010 WARN o.a.j.p.h.s.HTTPSamplerBase: Existing CookieManager HTTP Cookie管理器 superseded by HTTP Cookie管理器
2026-08-18 18:38:26,033 WARN o.a.j.p.h.s.HTTPSamplerBase: Existing CookieManager HTTP Cookie管理器 superseded by HTTP Cookie管理器
2026-08-18 18:38:26,226 INFO o.a.j.t.JMeterThread: Thread started: TG1 用户认证 2-8
2026-08-18 18:38:26,352 INFO o.a.j.t.JMeterThread: Thread started: TG2 商品浏览 3-10
2026-08-18 18:38:26,381 INFO o.a.j.t.JMeterThread: Thread started: TG4 AI 工具 5-8
2026-08-18 18:38:26,398 INFO o.a.j.t.JMeterThread: Thread started: TG5 管理员 6-8
2026-08-18 18:38:26,442 WARN o.a.j.p.h.s.HTTPSamplerBase: Existing CookieManager HTTP Cookie管理器 superseded by HTTP Cookie管理器
2026-08-18 18:38:26,595 WARN o.a.j.p.h.s.HTTPSamplerBase: Existing CookieManager HTTP Cookie管理器 superseded by HTTP Cookie管理器
2026-08-18 18:38:26,699 WARN o.a.j.p.h.s.HTTPSamplerBase: Existing CookieManager HTTP Cookie管理器 superseded by HTTP Cookie管理器
2026-08-18 18:38:26,726 INFO o.a.j.t.JMeterThread: Thread started: TG1 用户认证 2-9
2026-08-18 18:38:26,753 INFO o.a.j.t.JMeterThread: Thread started: TG2 商品浏览 3-11
2026-08-18 18:38:26,864 INFO o.a.j.t.JMeterThread: Thread started: TG3 商品发布与下单 4-5
2026-08-18 18:38:26,866 WARN o.a.j.p.h.s.HTTPSamplerBase: Existing CookieManager HTTP Cookie管理器 superseded by HTTP Cookie管理器
2026-08-18 18:38:26,880 INFO o.a.j.t.JMeterThread: Thread started: TG4 AI 工具 5-9
2026-08-18 18:38:26,898 INFO o.a.j.t.JMeterThread: Thread started: TG5 管理员 6-9
2026-08-18 18:38:27,113 WARN o.a.j.p.h.s.HTTPSamplerBase: Existing CookieManager HTTP Cookie管理器 superseded by HTTP Cookie管理器
2026-08-18 18:38:27,155 INFO o.a.j.t.JMeterThread: Thread started: TG2 商品浏览 3-12
2026-08-18 18:38:27,227 INFO o.a.j.t.JMeterThread: Thread started: TG1 用户认证 2-10
2026-08-18 18:38:27,379 INFO o.a.j.t.JMeterThread: Thread started: TG4 AI 工具 5-10
2026-08-18 18:38:27,394 WARN o.a.j.p.h.s.HTTPSamplerBase: Existing CookieManager HTTP Cookie管理器 superseded by HTTP Cookie管理器
2026-08-18 18:38:27,411 INFO o.a.j.t.JMeterThread: Thread started: TG5 管理员 6-10
2026-08-18 18:38:27,485 WARN o.a.j.p.h.s.HTTPSamplerBase: Existing CookieManager HTTP Cookie管理器 superseded by HTTP Cookie管理器
2026-08-18 18:38:27,502 INFO o.a.j.t.JMeterThread: Thread is done: TG1 用户认证 2-1
2026-08-18 18:38:27,502 INFO o.a.j.t.JMeterThread: Thread finished: TG1 用户认证 2-1
2026-08-18 18:38:27,557 INFO o.a.j.t.JMeterThread: Thread started: TG2 商品浏览 3-13
2026-08-18 18:38:27,774 WARN o.a.j.p.h.s.HTTPSamplerBase: Existing CookieManager HTTP Cookie管理器 superseded by HTTP Cookie管理器
2026-08-18 18:38:27,820 WARN o.a.j.p.h.s.HTTPSamplerBase: Existing CookieManager HTTP Cookie管理器 superseded by HTTP Cookie管理器
2026-08-18 18:38:27,865 INFO o.a.j.t.JMeterThread: Thread started: TG3 商品发布与下单 4-6
2026-08-18 18:38:27,939 INFO o.a.j.t.JMeterThread: Thread started: TG2 商品浏览 3-14
2026-08-18 18:38:28,352 INFO o.a.j.t.JMeterThread: Thread started: TG2 商品浏览 3-15
2026-08-18 18:38:28,625 WARN o.a.j.p.h.s.HTTPSamplerBase: Existing CookieManager HTTP Cookie管理器 superseded by HTTP Cookie管理器
2026-08-18 18:38:28,751 INFO o.a.j.t.JMeterThread: Thread started: TG2 商品浏览 3-16
2026-08-18 18:38:28,794 WARN o.a.j.p.h.s.HTTPSamplerBase: Existing CookieManager HTTP Cookie管理器 superseded by HTTP Cookie管理器
2026-08-18 18:38:28,865 INFO o.a.j.t.JMeterThread: Thread started: TG3 商品发布与下单 4-7
2026-08-18 18:38:28,935 INFO o.a.j.t.JMeterThread: Thread is done: TG2 商品浏览 3-3
2026-08-18 18:38:28,936 INFO o.a.j.t.JMeterThread: Thread finished: TG2 商品浏览 3-3
2026-08-18 18:38:29,151 INFO o.a.j.t.JMeterThread: Thread started: TG2 商品浏览 3-17
2026-08-18 18:38:29,178 WARN o.a.j.p.h.s.HTTPSamplerBase: Existing CookieManager HTTP Cookie管理器 superseded by HTTP Cookie管理器
2026-08-18 18:38:29,353 WARN o.a.j.p.h.s.HTTPSamplerBase: Existing CookieManager HTTP Cookie管理器 superseded by HTTP Cookie管理器
2026-08-18 18:38:29,391 WARN o.a.j.p.h.s.HTTPSamplerBase: Existing CookieManager HTTP Cookie管理器 superseded by HTTP Cookie管理器
2026-08-18 18:38:29,553 INFO o.a.j.t.JMeterThread: Thread started: TG2 商品浏览 3-18
2026-08-18 18:38:29,567 INFO o.a.j.t.JMeterThread: Thread is done: TG1 用户认证 2-2
2026-08-18 18:38:29,567 INFO o.a.j.t.JMeterThread: Thread finished: TG1 用户认证 2-2
2026-08-18 18:38:29,682 WARN o.a.j.p.h.s.HTTPSamplerBase: Existing CookieManager HTTP Cookie管理器 superseded by HTTP Cookie管理器
2026-08-18 18:38:29,786 WARN o.a.j.p.h.s.HTTPSamplerBase: Existing CookieManager HTTP Cookie管理器 superseded by HTTP Cookie管理器
2026-08-18 18:38:29,861 INFO o.a.j.t.JMeterThread: Thread started: TG3 商品发布与下单 4-8
2026-08-18 18:38:29,964 INFO o.a.j.t.JMeterThread: Thread started: TG2 商品浏览 3-19
2026-08-18 18:38:30,278 WARN o.a.j.p.h.s.HTTPSamplerBase: Existing CookieManager HTTP Cookie管理器 superseded by HTTP Cookie管理器
2026-08-18 18:38:30,371 INFO o.a.j.t.JMeterThread: Thread started: TG2 商品浏览 3-20
2026-08-18 18:38:30,519 WARN o.a.j.p.h.s.HTTPSamplerBase: Existing CookieManager HTTP Cookie管理器 superseded by HTTP Cookie管理器
2026-08-18 18:38:30,566 WARN o.a.j.p.h.s.HTTPSamplerBase: Existing CookieManager HTTP Cookie管理器 superseded by HTTP Cookie管理器
2026-08-18 18:38:30,795 INFO o.a.j.t.JMeterThread: Thread started: TG2 商品浏览 3-21
2026-08-18 18:38:30,863 INFO o.a.j.t.JMeterThread: Thread started: TG3 商品发布与下单 4-9
2026-08-18 18:38:30,895 WARN o.a.j.p.h.s.HTTPSamplerBase: Existing CookieManager HTTP Cookie管理器 superseded by HTTP Cookie管理器
2026-08-18 18:38:31,055 WARN o.a.j.p.h.s.HTTPSamplerBase: Existing CookieManager HTTP Cookie管理器 superseded by HTTP Cookie管理器
2026-08-18 18:38:31,202 INFO o.a.j.t.JMeterThread: Thread started: TG2 商品浏览 3-22
2026-08-18 18:38:31,320 WARN o.a.j.p.h.s.HTTPSamplerBase: Existing CookieManager HTTP Cookie管理器 superseded by HTTP Cookie管理器
2026-08-18 18:38:31,617 INFO o.a.j.t.JMeterThread: Thread started: TG2 商品浏览 3-23
2026-08-18 18:38:31,635 WARN o.a.j.p.h.s.HTTPSamplerBase: Existing CookieManager HTTP Cookie管理器 superseded by HTTP Cookie管理器
2026-08-18 18:38:31,863 INFO o.a.j.t.JMeterThread: Thread started: TG3 商品发布与下单 4-10
2026-08-18 18:38:32,027 INFO o.a.j.t.JMeterThread: Thread started: TG2 商品浏览 3-24
2026-08-18 18:38:32,187 WARN o.a.j.p.h.s.HTTPSamplerBase: Existing CookieManager HTTP Cookie管理器 superseded by HTTP Cookie管理器
2026-08-18 18:38:32,361 WARN o.a.j.p.h.s.HTTPSamplerBase: Existing CookieManager HTTP Cookie管理器 superseded by HTTP Cookie管理器
2026-08-18 18:38:32,437 INFO o.a.j.t.JMeterThread: Thread started: TG2 商品浏览 3-25
2026-08-18 18:38:32,793 WARN o.a.j.p.h.s.HTTPSamplerBase: Existing CookieManager HTTP Cookie管理器 superseded by HTTP Cookie管理器
2026-08-18 18:38:32,794 WARN o.a.j.p.h.s.HTTPSamplerBase: Existing CookieManager HTTP Cookie管理器 superseded by HTTP Cookie管理器
2026-08-18 18:38:33,011 INFO o.a.j.t.JMeterThread: Thread is done: TG2 商品浏览 3-4
2026-08-18 18:38:33,011 INFO o.a.j.t.JMeterThread: Thread finished: TG2 商品浏览 3-4
2026-08-18 18:38:33,011 WARN o.a.j.p.h.s.HTTPSamplerBase: Existing CookieManager HTTP Cookie管理器 superseded by HTTP Cookie管理器
2026-08-18 18:38:33,445 WARN o.a.j.p.h.s.HTTPSamplerBase: Existing CookieManager HTTP Cookie管理器 superseded by HTTP Cookie管理器
2026-08-18 18:38:33,808 WARN o.a.j.p.h.s.HTTPSamplerBase: Existing CookieManager HTTP Cookie管理器 superseded by HTTP Cookie管理器
2026-08-18 18:38:34,109 WARN o.a.j.p.h.s.HTTPSamplerBase: Existing CookieManager HTTP Cookie管理器 superseded by HTTP Cookie管理器
2026-08-18 18:38:34,112 WARN o.a.j.p.h.s.HTTPSamplerBase: Existing CookieManager HTTP Cookie管理器 superseded by HTTP Cookie管理器
2026-08-18 18:38:34,376 INFO o.a.j.t.JMeterThread: Thread is done: TG2 商品浏览 3-5
2026-08-18 18:38:34,376 INFO o.a.j.t.JMeterThread: Thread finished: TG2 商品浏览 3-5
2026-08-18 18:38:34,562 WARN o.a.j.p.h.s.HTTPSamplerBase: Existing CookieManager HTTP Cookie管理器 superseded by HTTP Cookie管理器
2026-08-18 18:38:34,585 WARN o.a.j.p.h.s.HTTPSamplerBase: Existing CookieManager HTTP Cookie管理器 superseded by HTTP Cookie管理器
2026-08-18 18:38:34,640 WARN o.a.j.p.h.s.HTTPSamplerBase: Existing CookieManager HTTP Cookie管理器 superseded by HTTP Cookie管理器
2026-08-18 18:38:34,926 WARN o.a.j.p.h.s.HTTPSamplerBase: Existing CookieManager HTTP Cookie管理器 superseded by HTTP Cookie管理器
2026-08-18 18:38:34,965 WARN o.a.j.p.h.s.HTTPSamplerBase: Existing CookieManager HTTP Cookie管理器 superseded by HTTP Cookie管理器
2026-08-18 18:38:34,994 INFO o.a.j.t.JMeterThread: Thread is done: TG1 用户认证 2-3
2026-08-18 18:38:34,994 INFO o.a.j.t.JMeterThread: Thread finished: TG1 用户认证 2-3
2026-08-18 18:38:35,320 WARN o.a.j.p.h.s.HTTPSamplerBase: Existing CookieManager HTTP Cookie管理器 superseded by HTTP Cookie管理器
2026-08-18 18:38:35,600 INFO o.a.j.t.JMeterThread: Thread is done: TG2 商品浏览 3-6
2026-08-18 18:38:35,600 INFO o.a.j.t.JMeterThread: Thread finished: TG2 商品浏览 3-6
2026-08-18 18:38:35,647 WARN o.a.j.p.h.s.HTTPSamplerBase: Existing CookieManager HTTP Cookie管理器 superseded by HTTP Cookie管理器
2026-08-18 18:38:35,728 WARN o.a.j.p.h.s.HTTPSamplerBase: Existing CookieManager HTTP Cookie管理器 superseded by HTTP Cookie管理器
2026-08-18 18:38:35,816 WARN o.a.j.p.h.s.HTTPSamplerBase: Existing CookieManager HTTP Cookie管理器 superseded by HTTP Cookie管理器
2026-08-18 18:38:35,941 WARN o.a.j.p.h.s.HTTPSamplerBase: Existing CookieManager HTTP Cookie管理器 superseded by HTTP Cookie管理器
2026-08-18 18:38:36,209 WARN o.a.j.p.h.s.HTTPSamplerBase: Existing CookieManager HTTP Cookie管理器 superseded by HTTP Cookie管理器
2026-08-18 18:38:36,401 WARN o.a.j.p.h.s.HTTPSamplerBase: Existing CookieManager HTTP Cookie管理器 superseded by HTTP Cookie管理器
2026-08-18 18:38:36,611 WARN o.a.j.p.h.s.HTTPSamplerBase: Existing CookieManager HTTP Cookie管理器 superseded by HTTP Cookie管理器
2026-08-18 18:38:36,645 WARN o.a.j.p.h.s.HTTPSamplerBase: Existing CookieManager HTTP Cookie管理器 superseded by HTTP Cookie管理器
2026-08-18 18:38:37,159 WARN o.a.j.p.h.s.HTTPSamplerBase: Existing CookieManager HTTP Cookie管理器 superseded by HTTP Cookie管理器
2026-08-18 18:38:37,406 WARN o.a.j.p.h.s.HTTPSamplerBase: Existing CookieManager HTTP Cookie管理器 superseded by HTTP Cookie管理器
2026-08-18 18:38:37,674 WARN o.a.j.p.h.s.HTTPSamplerBase: Existing CookieManager HTTP Cookie管理器 superseded by HTTP Cookie管理器
2026-08-18 18:38:37,686 INFO o.a.j.t.JMeterThread: Thread is done: TG1 用户认证 2-4
2026-08-18 18:38:37,687 INFO o.a.j.t.JMeterThread: Thread finished: TG1 用户认证 2-4
2026-08-18 18:38:37,923 WARN o.a.j.p.h.s.HTTPSamplerBase: Existing CookieManager HTTP Cookie管理器 superseded by HTTP Cookie管理器
2026-08-18 18:38:38,005 WARN o.a.j.p.h.s.HTTPSamplerBase: Existing CookieManager HTTP Cookie管理器 superseded by HTTP Cookie管理器
2026-08-18 18:38:38,033 WARN o.a.j.p.h.s.HTTPSamplerBase: Existing CookieManager HTTP Cookie管理器 superseded by HTTP Cookie管理器
2026-08-18 18:38:38,199 INFO o.a.j.t.JMeterThread: Thread is done: TG2 商品浏览 3-7
2026-08-18 18:38:38,199 INFO o.a.j.t.JMeterThread: Thread finished: TG2 商品浏览 3-7
2026-08-18 18:38:38,338 WARN o.a.j.p.h.s.HTTPSamplerBase: Existing CookieManager HTTP Cookie管理器 superseded by HTTP Cookie管理器
2026-08-18 18:38:38,496 WARN o.a.j.p.h.s.HTTPSamplerBase: Existing CookieManager HTTP Cookie管理器 superseded by HTTP Cookie管理器
2026-08-18 18:38:38,522 WARN o.a.j.p.h.s.HTTPSamplerBase: Existing CookieManager HTTP Cookie管理器 superseded by HTTP Cookie管理器
2026-08-18 18:38:38,971 WARN o.a.j.p.h.s.HTTPSamplerBase: Existing CookieManager HTTP Cookie管理器 superseded by HTTP Cookie管理器
2026-08-18 18:38:38,994 INFO o.a.j.t.JMeterThread: Thread is done: TG2 商品浏览 3-8
2026-08-18 18:38:38,994 INFO o.a.j.t.JMeterThread: Thread finished: TG2 商品浏览 3-8
2026-08-18 18:38:39,568 WARN o.a.j.p.h.s.HTTPSamplerBase: Existing CookieManager HTTP Cookie管理器 superseded by HTTP Cookie管理器
2026-08-18 18:38:39,572 WARN o.a.j.p.h.s.HTTPSamplerBase: Existing CookieManager HTTP Cookie管理器 superseded by HTTP Cookie管理器
2026-08-18 18:38:39,581 WARN o.a.j.p.h.s.HTTPSamplerBase: Existing CookieManager HTTP Cookie管理器 superseded by HTTP Cookie管理器
2026-08-18 18:38:39,886 WARN o.a.j.p.h.s.HTTPSamplerBase: Existing CookieManager HTTP Cookie管理器 superseded by HTTP Cookie管理器
2026-08-18 18:38:39,940 WARN o.a.j.p.h.s.HTTPSamplerBase: Existing CookieManager HTTP Cookie管理器 superseded by HTTP Cookie管理器
2026-08-18 18:38:39,940 INFO o.a.j.t.JMeterThread: Thread is done: TG2 商品浏览 3-9
2026-08-18 18:38:39,940 INFO o.a.j.t.JMeterThread: Thread finished: TG2 商品浏览 3-9
2026-08-18 18:38:39,945 WARN o.a.j.p.h.s.HTTPSamplerBase: Existing CookieManager HTTP Cookie管理器 superseded by HTTP Cookie管理器
2026-08-18 18:38:40,007 INFO o.a.j.t.JMeterThread: Thread is done: TG2 商品浏览 3-10
2026-08-18 18:38:40,008 INFO o.a.j.t.JMeterThread: Thread finished: TG2 商品浏览 3-10
2026-08-18 18:38:40,016 WARN o.a.j.p.h.s.HTTPSamplerBase: Existing CookieManager HTTP Cookie管理器 superseded by HTTP Cookie管理器
2026-08-18 18:38:40,399 INFO o.a.j.t.JMeterThread: Thread is done: TG1 用户认证 2-5
2026-08-18 18:38:40,399 WARN o.a.j.p.h.s.HTTPSamplerBase: Existing CookieManager HTTP Cookie管理器 superseded by HTTP Cookie管理器
2026-08-18 18:38:40,399 INFO o.a.j.t.JMeterThread: Thread finished: TG1 用户认证 2-5
2026-08-18 18:38:40,538 WARN o.a.j.p.h.s.HTTPSamplerBase: Existing CookieManager HTTP Cookie管理器 superseded by HTTP Cookie管理器
2026-08-18 18:38:40,905 INFO o.a.j.t.JMeterThread: Thread is done: TG2 商品浏览 3-11
2026-08-18 18:38:40,905 INFO o.a.j.t.JMeterThread: Thread finished: TG2 商品浏览 3-11
2026-08-18 18:38:41,453 INFO o.a.j.t.JMeterThread: Thread is done: TG1 用户认证 2-6
2026-08-18 18:38:41,453 INFO o.a.j.t.JMeterThread: Thread finished: TG1 用户认证 2-6
2026-08-18 18:38:41,493 WARN o.a.j.p.h.s.HTTPSamplerBase: Existing CookieManager HTTP Cookie管理器 superseded by HTTP Cookie管理器
2026-08-18 18:38:41,703 WARN o.a.j.p.h.s.HTTPSamplerBase: Existing CookieManager HTTP Cookie管理器 superseded by HTTP Cookie管理器
2026-08-18 18:38:42,231 INFO o.a.j.t.JMeterThread: Thread is done: TG2 商品浏览 3-12
2026-08-18 18:38:42,231 INFO o.a.j.t.JMeterThread: Thread finished: TG2 商品浏览 3-12
2026-08-18 18:38:42,444 WARN o.a.j.p.h.s.HTTPSamplerBase: Existing CookieManager HTTP Cookie管理器 superseded by HTTP Cookie管理器
2026-08-18 18:38:42,536 WARN o.a.j.p.h.s.HTTPSamplerBase: Existing CookieManager HTTP Cookie管理器 superseded by HTTP Cookie管理器
2026-08-18 18:38:42,722 INFO o.a.j.t.JMeterThread: Thread is done: TG2 商品浏览 3-13
2026-08-18 18:38:42,723 INFO o.a.j.t.JMeterThread: Thread finished: TG2 商品浏览 3-13
2026-08-18 18:38:43,130 WARN o.a.j.p.h.s.HTTPSamplerBase: Existing CookieManager HTTP Cookie管理器 superseded by HTTP Cookie管理器
2026-08-18 18:38:43,430 INFO o.a.j.t.JMeterThread: Thread is done: TG2 商品浏览 3-14
2026-08-18 18:38:43,431 INFO o.a.j.t.JMeterThread: Thread finished: TG2 商品浏览 3-14
2026-08-18 18:38:43,443 WARN o.a.j.p.h.s.HTTPSamplerBase: Existing CookieManager HTTP Cookie管理器 superseded by HTTP Cookie管理器
2026-08-18 18:38:43,447 INFO o.a.j.t.JMeterThread: Thread is done: TG1 用户认证 2-7
2026-08-18 18:38:43,447 INFO o.a.j.t.JMeterThread: Thread finished: TG1 用户认证 2-7
2026-08-18 18:38:43,460 INFO o.a.j.t.JMeterThread: Thread is done: TG2 商品浏览 3-15
2026-08-18 18:38:43,460 INFO o.a.j.t.JMeterThread: Thread finished: TG2 商品浏览 3-15
2026-08-18 18:38:43,475 INFO o.a.j.t.JMeterThread: Thread is done: TG2 商品浏览 3-16
2026-08-18 18:38:43,475 INFO o.a.j.t.JMeterThread: Thread finished: TG2 商品浏览 3-16
2026-08-18 18:38:43,538 WARN o.a.j.p.h.s.HTTPSamplerBase: Existing CookieManager HTTP Cookie管理器 superseded by HTTP Cookie管理器
2026-08-18 18:38:43,898 WARN o.a.j.p.h.s.HTTPSamplerBase: Existing CookieManager HTTP Cookie管理器 superseded by HTTP Cookie管理器
2026-08-18 18:38:43,906 INFO o.a.j.t.JMeterThread: Thread is done: TG1 用户认证 2-8
2026-08-18 18:38:43,906 INFO o.a.j.t.JMeterThread: Thread finished: TG1 用户认证 2-8
2026-08-18 18:38:43,927 WARN o.a.j.p.h.s.HTTPSamplerBase: Existing CookieManager HTTP Cookie管理器 superseded by HTTP Cookie管理器
2026-08-18 18:38:43,989 INFO o.a.j.t.JMeterThread: Thread is done: TG2 商品浏览 3-17
2026-08-18 18:38:43,989 INFO o.a.j.t.JMeterThread: Thread finished: TG2 商品浏览 3-17
2026-08-18 18:38:44,060 WARN o.a.j.p.h.s.HTTPSamplerBase: Existing CookieManager HTTP Cookie管理器 superseded by HTTP Cookie管理器
2026-08-18 18:38:44,367 INFO o.a.j.t.JMeterThread: Thread is done: TG1 用户认证 2-9
2026-08-18 18:38:44,368 INFO o.a.j.t.JMeterThread: Thread finished: TG1 用户认证 2-9
2026-08-18 18:38:44,368 INFO o.a.j.t.JMeterThread: Thread is done: TG2 商品浏览 3-18
2026-08-18 18:38:44,369 INFO o.a.j.t.JMeterThread: Thread finished: TG2 商品浏览 3-18
2026-08-18 18:38:44,564 WARN o.a.j.p.h.s.HTTPSamplerBase: Existing CookieManager HTTP Cookie管理器 superseded by HTTP Cookie管理器
2026-08-18 18:38:44,584 INFO o.a.j.t.JMeterThread: Thread is done: TG2 商品浏览 3-20
2026-08-18 18:38:44,584 INFO o.a.j.t.JMeterThread: Thread finished: TG2 商品浏览 3-20
2026-08-18 18:38:44,586 INFO o.a.j.t.JMeterThread: Thread is done: TG2 商品浏览 3-19
2026-08-18 18:38:44,586 INFO o.a.j.t.JMeterThread: Thread finished: TG2 商品浏览 3-19
2026-08-18 18:38:44,925 WARN o.a.j.p.h.s.HTTPSamplerBase: Existing CookieManager HTTP Cookie管理器 superseded by HTTP Cookie管理器
2026-08-18 18:38:44,978 INFO o.a.j.t.JMeterThread: Thread is done: TG1 用户认证 2-10
2026-08-18 18:38:44,978 INFO o.a.j.t.JMeterThread: Thread finished: TG1 用户认证 2-10
2026-08-18 18:38:45,141 WARN o.a.j.p.h.s.HTTPSamplerBase: Existing CookieManager HTTP Cookie管理器 superseded by HTTP Cookie管理器
2026-08-18 18:38:45,143 INFO o.a.j.t.JMeterThread: Thread is done: TG2 商品浏览 3-21
2026-08-18 18:38:45,143 INFO o.a.j.t.JMeterThread: Thread finished: TG2 商品浏览 3-21
2026-08-18 18:38:45,143 INFO o.a.j.t.JMeterThread: Thread is done: TG2 商品浏览 3-23
2026-08-18 18:38:45,143 INFO o.a.j.t.JMeterThread: Thread finished: TG2 商品浏览 3-23
2026-08-18 18:38:45,237 INFO o.a.j.t.JMeterThread: Thread is done: TG2 商品浏览 3-22
2026-08-18 18:38:45,237 INFO o.a.j.t.JMeterThread: Thread finished: TG2 商品浏览 3-22
2026-08-18 18:38:45,344 INFO o.a.j.t.JMeterThread: Thread is done: TG2 商品浏览 3-24
2026-08-18 18:38:45,344 INFO o.a.j.t.JMeterThread: Thread finished: TG2 商品浏览 3-24
2026-08-18 18:38:45,344 WARN o.a.j.p.h.s.HTTPSamplerBase: Existing CookieManager HTTP Cookie管理器 superseded by HTTP Cookie管理器
2026-08-18 18:38:45,385 WARN o.a.j.p.h.s.HTTPSamplerBase: Existing CookieManager HTTP Cookie管理器 superseded by HTTP Cookie管理器
2026-08-18 18:38:45,594 INFO o.a.j.t.JMeterThread: Thread is done: TG2 商品浏览 3-25
2026-08-18 18:38:45,594 INFO o.a.j.t.JMeterThread: Thread finished: TG2 商品浏览 3-25
2026-08-18 18:38:45,680 WARN o.a.j.p.h.s.HTTPSamplerBase: Existing CookieManager HTTP Cookie管理器 superseded by HTTP Cookie管理器
2026-08-18 18:38:46,364 WARN o.a.j.p.h.s.HTTPSamplerBase: Existing CookieManager HTTP Cookie管理器 superseded by HTTP Cookie管理器
2026-08-18 18:38:46,581 WARN o.a.j.p.h.s.HTTPSamplerBase: Existing CookieManager HTTP Cookie管理器 superseded by HTTP Cookie管理器
2026-08-18 18:38:46,685 WARN o.a.j.p.h.s.HTTPSamplerBase: Existing CookieManager HTTP Cookie管理器 superseded by HTTP Cookie管理器
2026-08-18 18:38:47,401 WARN o.a.j.p.h.s.HTTPSamplerBase: Existing CookieManager HTTP Cookie管理器 superseded by HTTP Cookie管理器
2026-08-18 18:38:47,404 WARN o.a.j.p.h.s.HTTPSamplerBase: Existing CookieManager HTTP Cookie管理器 superseded by HTTP Cookie管理器
2026-08-18 18:38:47,580 WARN o.a.j.p.h.s.HTTPSamplerBase: Existing CookieManager HTTP Cookie管理器 superseded by HTTP Cookie管理器
2026-08-18 18:38:47,873 WARN o.a.j.p.h.s.HTTPSamplerBase: Existing CookieManager HTTP Cookie管理器 superseded by HTTP Cookie管理器
2026-08-18 18:38:48,361 WARN o.a.j.p.h.s.HTTPSamplerBase: Existing CookieManager HTTP Cookie管理器 superseded by HTTP Cookie管理器
2026-08-18 18:38:48,593 WARN o.a.j.p.h.s.HTTPSamplerBase: Existing CookieManager HTTP Cookie管理器 superseded by HTTP Cookie管理器
2026-08-18 18:38:49,188 WARN o.a.j.p.h.s.HTTPSamplerBase: Existing CookieManager HTTP Cookie管理器 superseded by HTTP Cookie管理器
2026-08-18 18:38:49,266 WARN o.a.j.p.h.s.HTTPSamplerBase: Existing CookieManager HTTP Cookie管理器 superseded by HTTP Cookie管理器
2026-08-18 18:38:49,638 WARN o.a.j.p.h.s.HTTPSamplerBase: Existing CookieManager HTTP Cookie管理器 superseded by HTTP Cookie管理器
2026-08-18 18:38:49,657 WARN o.a.j.p.h.s.HTTPSamplerBase: Existing CookieManager HTTP Cookie管理器 superseded by HTTP Cookie管理器
2026-08-18 18:38:49,976 WARN o.a.j.p.h.s.HTTPSamplerBase: Existing CookieManager HTTP Cookie管理器 superseded by HTTP Cookie管理器
2026-08-18 18:38:50,138 WARN o.a.j.p.h.s.HTTPSamplerBase: Existing CookieManager HTTP Cookie管理器 superseded by HTTP Cookie管理器
2026-08-18 18:38:50,149 WARN o.a.j.p.h.s.HTTPSamplerBase: Existing CookieManager HTTP Cookie管理器 superseded by HTTP Cookie管理器
2026-08-18 18:38:50,406 WARN o.a.j.p.h.s.HTTPSamplerBase: Existing CookieManager HTTP Cookie管理器 superseded by HTTP Cookie管理器
2026-08-18 18:38:50,557 WARN o.a.j.p.h.s.HTTPSamplerBase: Existing CookieManager HTTP Cookie管理器 superseded by HTTP Cookie管理器
2026-08-18 18:38:50,703 WARN o.a.j.p.h.s.HTTPSamplerBase: Existing CookieManager HTTP Cookie管理器 superseded by HTTP Cookie管理器
2026-08-18 18:38:50,705 WARN o.a.j.p.h.s.HTTPSamplerBase: Existing CookieManager HTTP Cookie管理器 superseded by HTTP Cookie管理器
2026-08-18 18:38:50,707 WARN o.a.j.p.h.s.HTTPSamplerBase: Existing CookieManager HTTP Cookie管理器 superseded by HTTP Cookie管理器
2026-08-18 18:38:50,906 WARN o.a.j.p.h.s.HTTPSamplerBase: Existing CookieManager HTTP Cookie管理器 superseded by HTTP Cookie管理器
2026-08-18 18:38:51,007 WARN o.a.j.p.h.s.HTTPSamplerBase: Existing CookieManager HTTP Cookie管理器 superseded by HTTP Cookie管理器
2026-08-18 18:38:51,012 WARN o.a.j.p.h.s.HTTPSamplerBase: Existing CookieManager HTTP Cookie管理器 superseded by HTTP Cookie管理器
2026-08-18 18:38:51,391 WARN o.a.j.p.h.s.HTTPSamplerBase: Existing CookieManager HTTP Cookie管理器 superseded by HTTP Cookie管理器
2026-08-18 18:38:51,428 INFO o.a.j.t.JMeterThread: Thread is done: TG5 管理员 6-1
2026-08-18 18:38:51,428 INFO o.a.j.t.JMeterThread: Thread finished: TG5 管理员 6-1
2026-08-18 18:38:51,625 WARN o.a.j.p.h.s.HTTPSamplerBase: Existing CookieManager HTTP Cookie管理器 superseded by HTTP Cookie管理器
2026-08-18 18:38:51,640 WARN o.a.j.p.h.s.HTTPSamplerBase: Existing CookieManager HTTP Cookie管理器 superseded by HTTP Cookie管理器
2026-08-18 18:38:51,677 WARN o.a.j.p.h.s.HTTPSamplerBase: Existing CookieManager HTTP Cookie管理器 superseded by HTTP Cookie管理器
2026-08-18 18:38:51,742 WARN o.a.j.p.h.s.HTTPSamplerBase: Existing CookieManager HTTP Cookie管理器 superseded by HTTP Cookie管理器
2026-08-18 18:38:51,961 WARN o.a.j.p.h.s.HTTPSamplerBase: Existing CookieManager HTTP Cookie管理器 superseded by HTTP Cookie管理器
2026-08-18 18:38:52,361 WARN o.a.j.p.h.s.HTTPSamplerBase: Existing CookieManager HTTP Cookie管理器 superseded by HTTP Cookie管理器
2026-08-18 18:38:52,373 WARN o.a.j.p.h.s.HTTPSamplerBase: Existing CookieManager HTTP Cookie管理器 superseded by HTTP Cookie管理器
2026-08-18 18:38:52,410 WARN o.a.j.p.h.s.HTTPSamplerBase: Existing CookieManager HTTP Cookie管理器 superseded by HTTP Cookie管理器
2026-08-18 18:38:52,855 WARN o.a.j.p.h.s.HTTPSamplerBase: Existing CookieManager HTTP Cookie管理器 superseded by HTTP Cookie管理器
2026-08-18 18:38:53,031 WARN o.a.j.p.h.s.HTTPSamplerBase: Existing CookieManager HTTP Cookie管理器 superseded by HTTP Cookie管理器
2026-08-18 18:38:53,254 WARN o.a.j.p.h.s.HTTPSamplerBase: Existing CookieManager HTTP Cookie管理器 superseded by HTTP Cookie管理器
2026-08-18 18:38:53,506 WARN o.a.j.p.h.s.HTTPSamplerBase: Existing CookieManager HTTP Cookie管理器 superseded by HTTP Cookie管理器
2026-08-18 18:38:53,508 WARN o.a.j.p.h.s.HTTPSamplerBase: Existing CookieManager HTTP Cookie管理器 superseded by HTTP Cookie管理器
2026-08-18 18:38:53,627 INFO o.a.j.t.JMeterThread: Thread is done: TG5 管理员 6-2
2026-08-18 18:38:53,627 INFO o.a.j.t.JMeterThread: Thread finished: TG5 管理员 6-2
2026-08-18 18:38:53,906 WARN o.a.j.p.h.s.HTTPSamplerBase: Existing CookieManager HTTP Cookie管理器 superseded by HTTP Cookie管理器
2026-08-18 18:38:53,946 WARN o.a.j.p.h.s.HTTPSamplerBase: Existing CookieManager HTTP Cookie管理器 superseded by HTTP Cookie管理器
2026-08-18 18:38:54,450 WARN o.a.j.p.h.s.HTTPSamplerBase: Existing CookieManager HTTP Cookie管理器 superseded by HTTP Cookie管理器
2026-08-18 18:38:54,679 WARN o.a.j.p.h.s.HTTPSamplerBase: Existing CookieManager HTTP Cookie管理器 superseded by HTTP Cookie管理器
2026-08-18 18:38:54,747 WARN o.a.j.p.h.s.HTTPSamplerBase: Existing CookieManager HTTP Cookie管理器 superseded by HTTP Cookie管理器
2026-08-18 18:38:54,923 WARN o.a.j.p.h.s.HTTPSamplerBase: Existing CookieManager HTTP Cookie管理器 superseded by HTTP Cookie管理器
2026-08-18 18:38:54,933 WARN o.a.j.p.h.s.HTTPSamplerBase: Existing CookieManager HTTP Cookie管理器 superseded by HTTP Cookie管理器
2026-08-18 18:38:55,031 WARN o.a.j.p.h.s.HTTPSamplerBase: Existing CookieManager HTTP Cookie管理器 superseded by HTTP Cookie管理器
2026-08-18 18:38:55,368 WARN o.a.j.p.h.s.HTTPSamplerBase: Existing CookieManager HTTP Cookie管理器 superseded by HTTP Cookie管理器
2026-08-18 18:38:55,368 INFO o.a.j.t.JMeterThread: Thread is done: TG5 管理员 6-3
2026-08-18 18:38:55,369 INFO o.a.j.t.JMeterThread: Thread finished: TG5 管理员 6-3
2026-08-18 18:38:55,418 WARN o.a.j.p.h.s.HTTPSamplerBase: Existing CookieManager HTTP Cookie管理器 superseded by HTTP Cookie管理器
2026-08-18 18:38:55,589 WARN o.a.j.p.h.s.HTTPSamplerBase: Existing CookieManager HTTP Cookie管理器 superseded by HTTP Cookie管理器
2026-08-18 18:38:55,640 WARN o.a.j.p.h.s.HTTPSamplerBase: Existing CookieManager HTTP Cookie管理器 superseded by HTTP Cookie管理器
2026-08-18 18:38:55,654 WARN o.a.j.p.h.s.HTTPSamplerBase: Existing CookieManager HTTP Cookie管理器 superseded by HTTP Cookie管理器
2026-08-18 18:38:55,871 INFO o.a.j.t.JMeterThread: Thread is done: TG5 管理员 6-4
2026-08-18 18:38:55,872 INFO o.a.j.t.JMeterThread: Thread finished: TG5 管理员 6-4
2026-08-18 18:38:56,181 INFO o.a.j.t.JMeterThread: Thread is done: TG5 管理员 6-5
2026-08-18 18:38:56,181 INFO o.a.j.t.JMeterThread: Thread finished: TG5 管理员 6-5
2026-08-18 18:38:56,372 WARN o.a.j.p.h.s.HTTPSamplerBase: Existing CookieManager HTTP Cookie管理器 superseded by HTTP Cookie管理器
2026-08-18 18:38:56,441 WARN o.a.j.p.h.s.HTTPSamplerBase: Existing CookieManager HTTP Cookie管理器 superseded by HTTP Cookie管理器
2026-08-18 18:38:56,866 INFO o.a.j.t.JMeterThread: Thread is done: TG5 管理员 6-6
2026-08-18 18:38:56,866 WARN o.a.j.p.h.s.HTTPSamplerBase: Existing CookieManager HTTP Cookie管理器 superseded by HTTP Cookie管理器
2026-08-18 18:38:56,912 INFO o.a.j.t.JMeterThread: Thread finished: TG5 管理员 6-6
2026-08-18 18:38:56,866 INFO o.a.j.t.JMeterThread: Thread is done: TG5 管理员 6-7
2026-08-18 18:38:56,912 INFO o.a.j.t.JMeterThread: Thread finished: TG5 管理员 6-7
2026-08-18 18:38:57,696 WARN o.a.j.p.h.s.HTTPSamplerBase: Existing CookieManager HTTP Cookie管理器 superseded by HTTP Cookie管理器
2026-08-18 18:38:57,762 WARN o.a.j.p.h.s.HTTPSamplerBase: Existing CookieManager HTTP Cookie管理器 superseded by HTTP Cookie管理器
2026-08-18 18:38:57,775 WARN o.a.j.p.h.s.HTTPSamplerBase: Existing CookieManager HTTP Cookie管理器 superseded by HTTP Cookie管理器
2026-08-18 18:38:57,775 INFO o.a.j.t.JMeterThread: Thread is done: TG5 管理员 6-8
2026-08-18 18:38:57,776 INFO o.a.j.t.JMeterThread: Thread finished: TG5 管理员 6-8
2026-08-18 18:38:58,206 INFO o.a.j.t.JMeterThread: Thread is done: TG5 管理员 6-10
2026-08-18 18:38:58,207 INFO o.a.j.t.JMeterThread: Thread finished: TG5 管理员 6-10
2026-08-18 18:38:58,574 INFO o.a.j.t.JMeterThread: Thread is done: TG5 管理员 6-9
2026-08-18 18:38:58,574 INFO o.a.j.t.JMeterThread: Thread finished: TG5 管理员 6-9
2026-08-18 18:38:58,614 WARN o.a.j.p.h.s.HTTPSamplerBase: Existing CookieManager HTTP Cookie管理器 superseded by HTTP Cookie管理器
2026-08-18 18:38:58,652 WARN o.a.j.p.h.s.HTTPSamplerBase: Existing CookieManager HTTP Cookie管理器 superseded by HTTP Cookie管理器
2026-08-18 18:38:59,169 WARN o.a.j.p.h.s.HTTPSamplerBase: Existing CookieManager HTTP Cookie管理器 superseded by HTTP Cookie管理器
2026-08-18 18:38:59,300 WARN o.a.j.p.h.s.HTTPSamplerBase: Existing CookieManager HTTP Cookie管理器 superseded by HTTP Cookie管理器
2026-08-18 18:38:59,878 WARN o.a.j.p.h.s.HTTPSamplerBase: Existing CookieManager HTTP Cookie管理器 superseded by HTTP Cookie管理器
2026-08-18 18:38:59,878 WARN o.a.j.p.h.s.HTTPSamplerBase: Existing CookieManager HTTP Cookie管理器 superseded by HTTP Cookie管理器
2026-08-18 18:38:59,878 WARN o.a.j.p.h.s.HTTPSamplerBase: Existing CookieManager HTTP Cookie管理器 superseded by HTTP Cookie管理器
2026-08-18 18:39:00,088 WARN o.a.j.p.h.s.HTTPSamplerBase: Existing CookieManager HTTP Cookie管理器 superseded by HTTP Cookie管理器
2026-08-18 18:39:00,687 WARN o.a.j.p.h.s.HTTPSamplerBase: Existing CookieManager HTTP Cookie管理器 superseded by HTTP Cookie管理器
2026-08-18 18:39:01,296 WARN o.a.j.p.h.s.HTTPSamplerBase: Existing CookieManager HTTP Cookie管理器 superseded by HTTP Cookie管理器
2026-08-18 18:39:01,605 WARN o.a.j.p.h.s.HTTPSamplerBase: Existing CookieManager HTTP Cookie管理器 superseded by HTTP Cookie管理器
2026-08-18 18:39:02,387 WARN o.a.j.p.h.s.HTTPSamplerBase: Existing CookieManager HTTP Cookie管理器 superseded by HTTP Cookie管理器
2026-08-18 18:39:02,396 WARN o.a.j.p.h.s.HTTPSamplerBase: Existing CookieManager HTTP Cookie管理器 superseded by HTTP Cookie管理器
2026-08-18 18:39:02,768 WARN o.a.j.p.h.s.HTTPSamplerBase: Existing CookieManager HTTP Cookie管理器 superseded by HTTP Cookie管理器
2026-08-18 18:39:03,375 WARN o.a.j.p.h.s.HTTPSamplerBase: Existing CookieManager HTTP Cookie管理器 superseded by HTTP Cookie管理器
2026-08-18 18:39:03,703 WARN o.a.j.p.h.s.HTTPSamplerBase: Existing CookieManager HTTP Cookie管理器 superseded by HTTP Cookie管理器
2026-08-18 18:39:03,703 WARN o.a.j.p.h.s.HTTPSamplerBase: Existing CookieManager HTTP Cookie管理器 superseded by HTTP Cookie管理器
2026-08-18 18:39:03,704 WARN o.a.j.p.h.s.HTTPSamplerBase: Existing CookieManager HTTP Cookie管理器 superseded by HTTP Cookie管理器
2026-08-18 18:39:03,708 WARN o.a.j.p.h.s.HTTPSamplerBase: Existing CookieManager HTTP Cookie管理器 superseded by HTTP Cookie管理器
2026-08-18 18:39:03,884 WARN o.a.j.p.h.s.HTTPSamplerBase: Existing CookieManager HTTP Cookie管理器 superseded by HTTP Cookie管理器
2026-08-18 18:39:03,884 WARN o.a.j.p.h.s.HTTPSamplerBase: Existing CookieManager HTTP Cookie管理器 superseded by HTTP Cookie管理器
2026-08-18 18:39:04,439 WARN o.a.j.p.h.s.HTTPSamplerBase: Existing CookieManager HTTP Cookie管理器 superseded by HTTP Cookie管理器
2026-08-18 18:39:05,509 WARN o.a.j.p.h.s.HTTPSamplerBase: Existing CookieManager HTTP Cookie管理器 superseded by HTTP Cookie管理器
2026-08-18 18:39:05,881 WARN o.a.j.p.h.s.HTTPSamplerBase: Existing CookieManager HTTP Cookie管理器 superseded by HTTP Cookie管理器
2026-08-18 18:39:05,913 WARN o.a.j.p.h.s.HTTPSamplerBase: Existing CookieManager HTTP Cookie管理器 superseded by HTTP Cookie管理器
2026-08-18 18:39:06,080 WARN o.a.j.p.h.s.HTTPSamplerBase: Existing CookieManager HTTP Cookie管理器 superseded by HTTP Cookie管理器
2026-08-18 18:39:06,627 WARN o.a.j.p.h.s.HTTPSamplerBase: Existing CookieManager HTTP Cookie管理器 superseded by HTTP Cookie管理器
2026-08-18 18:39:06,812 INFO o.a.j.t.JMeterThread: Thread is done: TG3 商品发布与下单 4-1
2026-08-18 18:39:06,812 INFO o.a.j.t.JMeterThread: Thread finished: TG3 商品发布与下单 4-1
2026-08-18 18:39:06,886 WARN o.a.j.p.h.s.HTTPSamplerBase: Existing CookieManager HTTP Cookie管理器 superseded by HTTP Cookie管理器
2026-08-18 18:39:07,009 WARN o.a.j.p.h.s.HTTPSamplerBase: Existing CookieManager HTTP Cookie管理器 superseded by HTTP Cookie管理器
2026-08-18 18:39:07,493 WARN o.a.j.p.h.s.HTTPSamplerBase: Existing CookieManager HTTP Cookie管理器 superseded by HTTP Cookie管理器
2026-08-18 18:39:07,808 WARN o.a.j.p.h.s.HTTPSamplerBase: Existing CookieManager HTTP Cookie管理器 superseded by HTTP Cookie管理器
2026-08-18 18:39:07,816 WARN o.a.j.p.h.s.HTTPSamplerBase: Existing CookieManager HTTP Cookie管理器 superseded by HTTP Cookie管理器
2026-08-18 18:39:08,723 INFO o.a.j.t.JMeterThread: Thread is done: TG3 商品发布与下单 4-2
2026-08-18 18:39:08,724 INFO o.a.j.t.JMeterThread: Thread finished: TG3 商品发布与下单 4-2
2026-08-18 18:39:08,765 WARN o.a.j.p.h.s.HTTPSamplerBase: Existing CookieManager HTTP Cookie管理器 superseded by HTTP Cookie管理器
2026-08-18 18:39:08,792 WARN o.a.j.p.h.s.HTTPSamplerBase: Existing CookieManager HTTP Cookie管理器 superseded by HTTP Cookie管理器
2026-08-18 18:39:09,069 WARN o.a.j.p.h.s.HTTPSamplerBase: Existing CookieManager HTTP Cookie管理器 superseded by HTTP Cookie管理器
2026-08-18 18:39:09,071 WARN o.a.j.p.h.s.HTTPSamplerBase: Existing CookieManager HTTP Cookie管理器 superseded by HTTP Cookie管理器
2026-08-18 18:39:09,077 WARN o.a.j.p.h.s.HTTPSamplerBase: Existing CookieManager HTTP Cookie管理器 superseded by HTTP Cookie管理器
2026-08-18 18:39:09,757 WARN o.a.j.p.h.s.HTTPSamplerBase: Existing CookieManager HTTP Cookie管理器 superseded by HTTP Cookie管理器
2026-08-18 18:39:10,392 WARN o.a.j.p.h.s.HTTPSamplerBase: Existing CookieManager HTTP Cookie管理器 superseded by HTTP Cookie管理器
2026-08-18 18:39:10,549 WARN o.a.j.p.h.s.HTTPSamplerBase: Existing CookieManager HTTP Cookie管理器 superseded by HTTP Cookie管理器
2026-08-18 18:39:11,131 INFO o.a.j.t.JMeterThread: Thread is done: TG3 商品发布与下单 4-3
2026-08-18 18:39:11,131 INFO o.a.j.t.JMeterThread: Thread finished: TG3 商品发布与下单 4-3
2026-08-18 18:39:11,400 INFO o.a.j.t.JMeterThread: Thread is done: TG3 商品发布与下单 4-7
2026-08-18 18:39:11,400 INFO o.a.j.t.JMeterThread: Thread finished: TG3 商品发布与下单 4-7
2026-08-18 18:39:11,530 WARN o.a.j.p.h.s.HTTPSamplerBase: Existing CookieManager HTTP Cookie管理器 superseded by HTTP Cookie管理器
2026-08-18 18:39:11,741 INFO o.a.j.t.JMeterThread: Thread is done: TG3 商品发布与下单 4-5
2026-08-18 18:39:11,741 INFO o.a.j.t.JMeterThread: Thread finished: TG3 商品发布与下单 4-5
2026-08-18 18:39:11,977 INFO o.a.j.t.JMeterThread: Thread is done: TG3 商品发布与下单 4-10
2026-08-18 18:39:11,977 INFO o.a.j.t.JMeterThread: Thread finished: TG3 商品发布与下单 4-10
2026-08-18 18:39:11,988 INFO o.a.j.t.JMeterThread: Thread is done: TG3 商品发布与下单 4-6
2026-08-18 18:39:11,988 INFO o.a.j.t.JMeterThread: Thread finished: TG3 商品发布与下单 4-6
2026-08-18 18:39:12,087 INFO o.a.j.t.JMeterThread: Thread is done: TG3 商品发布与下单 4-4
2026-08-18 18:39:12,087 INFO o.a.j.t.JMeterThread: Thread finished: TG3 商品发布与下单 4-4
2026-08-18 18:39:13,127 INFO o.a.j.t.JMeterThread: Thread is done: TG3 商品发布与下单 4-8
2026-08-18 18:39:13,128 INFO o.a.j.t.JMeterThread: Thread finished: TG3 商品发布与下单 4-8
2026-08-18 18:39:13,128 INFO o.a.j.t.JMeterThread: Thread is done: TG3 商品发布与下单 4-9
2026-08-18 18:39:13,128 INFO o.a.j.t.JMeterThread: Thread finished: TG3 商品发布与下单 4-9
2026-08-18 18:39:13,572 WARN o.a.j.p.h.s.HTTPSamplerBase: Existing CookieManager HTTP Cookie管理器 superseded by HTTP Cookie管理器
2026-08-18 18:39:13,758 WARN o.a.j.p.h.s.HTTPSamplerBase: Existing CookieManager HTTP Cookie管理器 superseded by HTTP Cookie管理器
2026-08-18 18:39:14,172 WARN o.a.j.p.h.s.HTTPSamplerBase: Existing CookieManager HTTP Cookie管理器 superseded by HTTP Cookie管理器
2026-08-18 18:39:14,412 WARN o.a.j.p.h.s.HTTPSamplerBase: Existing CookieManager HTTP Cookie管理器 superseded by HTTP Cookie管理器
2026-08-18 18:39:15,898 WARN o.a.j.p.h.s.HTTPSamplerBase: Existing CookieManager HTTP Cookie管理器 superseded by HTTP Cookie管理器
2026-08-18 18:39:16,108 WARN o.a.j.p.h.s.HTTPSamplerBase: Existing CookieManager HTTP Cookie管理器 superseded by HTTP Cookie管理器
2026-08-18 18:39:16,570 WARN o.a.j.p.h.s.HTTPSamplerBase: Existing CookieManager HTTP Cookie管理器 superseded by HTTP Cookie管理器
2026-08-18 18:39:16,669 WARN o.a.j.p.h.s.HTTPSamplerBase: Existing CookieManager HTTP Cookie管理器 superseded by HTTP Cookie管理器
2026-08-18 18:39:16,766 WARN o.a.j.p.h.s.HTTPSamplerBase: Existing CookieManager HTTP Cookie管理器 superseded by HTTP Cookie管理器
2026-08-18 18:39:30,737 WARN o.a.j.p.h.s.HTTPSamplerBase: Existing CookieManager HTTP Cookie管理器 superseded by HTTP Cookie管理器
2026-08-18 18:39:32,457 WARN o.a.j.p.h.s.HTTPSamplerBase: Existing CookieManager HTTP Cookie管理器 superseded by HTTP Cookie管理器
2026-08-18 18:39:32,469 WARN o.a.j.p.h.s.HTTPSamplerBase: Existing CookieManager HTTP Cookie管理器 superseded by HTTP Cookie管理器
2026-08-18 18:39:33,149 WARN o.a.j.p.h.s.HTTPSamplerBase: Existing CookieManager HTTP Cookie管理器 superseded by HTTP Cookie管理器
2026-08-18 18:39:33,724 WARN o.a.j.p.h.s.HTTPSamplerBase: Existing CookieManager HTTP Cookie管理器 superseded by HTTP Cookie管理器
2026-08-18 18:39:34,378 WARN o.a.j.p.h.s.HTTPSamplerBase: Existing CookieManager HTTP Cookie管理器 superseded by HTTP Cookie管理器
2026-08-18 18:39:35,253 WARN o.a.j.p.h.s.HTTPSamplerBase: Existing CookieManager HTTP Cookie管理器 superseded by HTTP Cookie管理器
2026-08-18 18:39:35,526 WARN o.a.j.p.h.s.HTTPSamplerBase: Existing CookieManager HTTP Cookie管理器 superseded by HTTP Cookie管理器
2026-08-18 18:39:35,528 WARN o.a.j.p.h.s.HTTPSamplerBase: Existing CookieManager HTTP Cookie管理器 superseded by HTTP Cookie管理器
2026-08-18 18:39:35,534 WARN o.a.j.p.h.s.HTTPSamplerBase: Existing CookieManager HTTP Cookie管理器 superseded by HTTP Cookie管理器
2026-08-18 18:39:52,539 WARN o.a.j.p.h.s.HTTPSamplerBase: Existing CookieManager HTTP Cookie管理器 superseded by HTTP Cookie管理器
2026-08-18 18:39:53,052 WARN o.a.j.p.h.s.HTTPSamplerBase: Existing CookieManager HTTP Cookie管理器 superseded by HTTP Cookie管理器
2026-08-18 18:39:53,736 WARN o.a.j.p.h.s.HTTPSamplerBase: Existing CookieManager HTTP Cookie管理器 superseded by HTTP Cookie管理器
2026-08-18 18:39:53,939 WARN o.a.j.p.h.s.HTTPSamplerBase: Existing CookieManager HTTP Cookie管理器 superseded by HTTP Cookie管理器
2026-08-18 18:39:54,759 WARN o.a.j.p.h.s.HTTPSamplerBase: Existing CookieManager HTTP Cookie管理器 superseded by HTTP Cookie管理器
2026-08-18 18:39:55,108 WARN o.a.j.p.h.s.HTTPSamplerBase: Existing CookieManager HTTP Cookie管理器 superseded by HTTP Cookie管理器
2026-08-18 18:39:55,815 WARN o.a.j.p.h.s.HTTPSamplerBase: Existing CookieManager HTTP Cookie管理器 superseded by HTTP Cookie管理器
2026-08-18 18:39:55,934 WARN o.a.j.p.h.s.HTTPSamplerBase: Existing CookieManager HTTP Cookie管理器 superseded by HTTP Cookie管理器
2026-08-18 18:39:56,241 WARN o.a.j.p.h.s.HTTPSamplerBase: Existing CookieManager HTTP Cookie管理器 superseded by HTTP Cookie管理器
2026-08-18 18:39:57,150 WARN o.a.j.p.h.s.HTTPSamplerBase: Existing CookieManager HTTP Cookie管理器 superseded by HTTP Cookie管理器
2026-08-18 18:40:11,290 INFO o.a.j.t.JMeterThread: Thread is done: TG4 AI 工具 5-1
2026-08-18 18:40:11,290 INFO o.a.j.t.JMeterThread: Thread finished: TG4 AI 工具 5-1
2026-08-18 18:40:11,429 INFO o.a.j.t.JMeterThread: Thread is done: TG4 AI 工具 5-2
2026-08-18 18:40:11,429 INFO o.a.j.t.JMeterThread: Thread finished: TG4 AI 工具 5-2
2026-08-18 18:40:12,438 INFO o.a.j.t.JMeterThread: Thread is done: TG4 AI 工具 5-4
2026-08-18 18:40:12,438 INFO o.a.j.t.JMeterThread: Thread finished: TG4 AI 工具 5-4
2026-08-18 18:40:13,137 INFO o.a.j.t.JMeterThread: Thread is done: TG4 AI 工具 5-5
2026-08-18 18:40:13,137 INFO o.a.j.t.JMeterThread: Thread finished: TG4 AI 工具 5-5
2026-08-18 18:40:13,386 INFO o.a.j.t.JMeterThread: Thread is done: TG4 AI 工具 5-6
2026-08-18 18:40:13,426 INFO o.a.j.t.JMeterThread: Thread finished: TG4 AI 工具 5-6
2026-08-18 18:40:13,761 INFO o.a.j.t.JMeterThread: Thread is done: TG4 AI 工具 5-9
2026-08-18 18:40:13,761 INFO o.a.j.t.JMeterThread: Thread finished: TG4 AI 工具 5-9
2026-08-18 18:40:14,287 INFO o.a.j.t.JMeterThread: Thread is done: TG4 AI 工具 5-8
2026-08-18 18:40:14,287 INFO o.a.j.t.JMeterThread: Thread finished: TG4 AI 工具 5-8
2026-08-18 18:40:14,737 INFO o.a.j.t.JMeterThread: Thread is done: TG4 AI 工具 5-7
2026-08-18 18:40:14,780 INFO o.a.j.t.JMeterThread: Thread is done: TG4 AI 工具 5-10
2026-08-18 18:40:14,789 INFO o.a.j.t.JMeterThread: Thread finished: TG4 AI 工具 5-7
2026-08-18 18:40:14,789 INFO o.a.j.t.JMeterThread: Thread finished: TG4 AI 工具 5-10
2026-08-18 18:40:15,094 INFO o.a.j.t.JMeterThread: Thread is done: TG4 AI 工具 5-3
2026-08-18 18:40:15,095 INFO o.a.j.t.JMeterThread: Thread finished: TG4 AI 工具 5-3
2026-08-18 18:40:15,095 INFO o.a.j.e.StandardJMeterEngine: Notifying test listeners of end of test
2026-08-18 18:40:15,095 INFO o.a.j.s.FileServer: Close: test_users.csv
2026-08-18 18:40:15,098 INFO o.a.j.g.u.JMeterMenuBar: setRunning(false, *local*)
